<?xml version="1.0" encoding="ISO-8859-1" ?>
<link_info>
   <banner>TI ARM Linker PC v18.12.2.LTS</banner>
   <copyright>Copyright (c) 1996-2018 Texas Instruments Incorporated</copyright>
   <link_time>0x5e9cd490</link_time>
   <link_errors>0x0</link_errors>
   <output_file>lab5.out</output_file>
   <entry_point>
      <name>_c_int00_noargs</name>
      <address>0x1bcf9</address>
   </entry_point>
   <input_file_list>
      <input_file id="fl-2">
         <path>.\</path>
         <kind>object</kind>
         <file>Game.obj</file>
         <name>Game.obj</name>
      </input_file>
      <input_file id="fl-3">
         <path>.\</path>
         <kind>object</kind>
         <file>LCD_empty.obj</file>
         <name>LCD_empty.obj</name>
      </input_file>
      <input_file id="fl-4">
         <path>.\</path>
         <kind>object</kind>
         <file>main.obj</file>
         <name>main.obj</name>
      </input_file>
      <input_file id="fl-5">
         <path>.\</path>
         <kind>object</kind>
         <file>startup_msp432p401r_ccs.obj</file>
         <name>startup_msp432p401r_ccs.obj</name>
      </input_file>
      <input_file id="fl-6">
         <path>.\</path>
         <kind>object</kind>
         <file>system_msp432p401r.obj</file>
         <name>system_msp432p401r.obj</name>
      </input_file>
      <input_file id="fl-7">
         <path>.\BoardSupportPackage\src\</path>
         <kind>object</kind>
         <file>AsciiLib.obj</file>
         <name>AsciiLib.obj</name>
      </input_file>
      <input_file id="fl-8">
         <path>.\BoardSupportPackage\src\</path>
         <kind>object</kind>
         <file>BSP.obj</file>
         <name>BSP.obj</name>
      </input_file>
      <input_file id="fl-9">
         <path>.\BoardSupportPackage\src\</path>
         <kind>object</kind>
         <file>BackChannelUart.obj</file>
         <name>BackChannelUart.obj</name>
      </input_file>
      <input_file id="fl-a">
         <path>.\BoardSupportPackage\src\</path>
         <kind>object</kind>
         <file>Buttons.obj</file>
         <name>Buttons.obj</name>
      </input_file>
      <input_file id="fl-b">
         <path>.\BoardSupportPackage\src\</path>
         <kind>object</kind>
         <file>ClockSys.obj</file>
         <name>ClockSys.obj</name>
      </input_file>
      <input_file id="fl-c">
         <path>.\BoardSupportPackage\src\</path>
         <kind>object</kind>
         <file>Joystick.obj</file>
         <name>Joystick.obj</name>
      </input_file>
      <input_file id="fl-d">
         <path>.\BoardSupportPackage\src\</path>
         <kind>object</kind>
         <file>RGBLeds.obj</file>
         <name>RGBLeds.obj</name>
      </input_file>
      <input_file id="fl-e">
         <path>.\BoardSupportPackage\src\</path>
         <kind>object</kind>
         <file>bme280.obj</file>
         <name>bme280.obj</name>
      </input_file>
      <input_file id="fl-f">
         <path>.\BoardSupportPackage\src\</path>
         <kind>object</kind>
         <file>bme280_support.obj</file>
         <name>bme280_support.obj</name>
      </input_file>
      <input_file id="fl-10">
         <path>.\BoardSupportPackage\src\</path>
         <kind>object</kind>
         <file>bmi160.obj</file>
         <name>bmi160.obj</name>
      </input_file>
      <input_file id="fl-11">
         <path>.\BoardSupportPackage\src\</path>
         <kind>object</kind>
         <file>bmi160_support.obj</file>
         <name>bmi160_support.obj</name>
      </input_file>
      <input_file id="fl-12">
         <path>.\BoardSupportPackage\src\</path>
         <kind>object</kind>
         <file>demo_sysctl.obj</file>
         <name>demo_sysctl.obj</name>
      </input_file>
      <input_file id="fl-13">
         <path>.\BoardSupportPackage\src\</path>
         <kind>object</kind>
         <file>i2c_driver.obj</file>
         <name>i2c_driver.obj</name>
      </input_file>
      <input_file id="fl-14">
         <path>.\BoardSupportPackage\src\</path>
         <kind>object</kind>
         <file>opt3001.obj</file>
         <name>opt3001.obj</name>
      </input_file>
      <input_file id="fl-15">
         <path>.\BoardSupportPackage\src\</path>
         <kind>object</kind>
         <file>tmp007.obj</file>
         <name>tmp007.obj</name>
      </input_file>
      <input_file id="fl-16">
         <path>.\CC3100SupportPackage\board\</path>
         <kind>object</kind>
         <file>board.obj</file>
         <name>board.obj</name>
      </input_file>
      <input_file id="fl-17">
         <path>.\CC3100SupportPackage\cc3100_usage\</path>
         <kind>object</kind>
         <file>cc3100_usage.obj</file>
         <name>cc3100_usage.obj</name>
      </input_file>
      <input_file id="fl-18">
         <path>.\CC3100SupportPackage\simplelink\source\</path>
         <kind>object</kind>
         <file>device.obj</file>
         <name>device.obj</name>
      </input_file>
      <input_file id="fl-19">
         <path>.\CC3100SupportPackage\simplelink\source\</path>
         <kind>object</kind>
         <file>driver.obj</file>
         <name>driver.obj</name>
      </input_file>
      <input_file id="fl-1a">
         <path>.\CC3100SupportPackage\simplelink\source\</path>
         <kind>object</kind>
         <file>flowcont.obj</file>
         <name>flowcont.obj</name>
      </input_file>
      <input_file id="fl-1b">
         <path>.\CC3100SupportPackage\simplelink\source\</path>
         <kind>object</kind>
         <file>fs.obj</file>
         <name>fs.obj</name>
      </input_file>
      <input_file id="fl-1c">
         <path>.\CC3100SupportPackage\simplelink\source\</path>
         <kind>object</kind>
         <file>netapp.obj</file>
         <name>netapp.obj</name>
      </input_file>
      <input_file id="fl-1d">
         <path>.\CC3100SupportPackage\simplelink\source\</path>
         <kind>object</kind>
         <file>netcfg.obj</file>
         <name>netcfg.obj</name>
      </input_file>
      <input_file id="fl-1e">
         <path>.\CC3100SupportPackage\simplelink\source\</path>
         <kind>object</kind>
         <file>nonos.obj</file>
         <name>nonos.obj</name>
      </input_file>
      <input_file id="fl-1f">
         <path>.\CC3100SupportPackage\simplelink\source\</path>
         <kind>object</kind>
         <file>socket.obj</file>
         <name>socket.obj</name>
      </input_file>
      <input_file id="fl-20">
         <path>.\CC3100SupportPackage\simplelink\source\</path>
         <kind>object</kind>
         <file>spawn.obj</file>
         <name>spawn.obj</name>
      </input_file>
      <input_file id="fl-21">
         <path>.\CC3100SupportPackage\simplelink\source\</path>
         <kind>object</kind>
         <file>wlan.obj</file>
         <name>wlan.obj</name>
      </input_file>
      <input_file id="fl-22">
         <path>.\CC3100SupportPackage\spi_cc3100\</path>
         <kind>object</kind>
         <file>spi_cc3100.obj</file>
         <name>spi_cc3100.obj</name>
      </input_file>
      <input_file id="fl-23">
         <path>.\G8RTOS\</path>
         <kind>object</kind>
         <file>G8RTOS_CriticalSection.obj</file>
         <name>G8RTOS_CriticalSection.obj</name>
      </input_file>
      <input_file id="fl-24">
         <path>.\G8RTOS\</path>
         <kind>object</kind>
         <file>G8RTOS_IPC.obj</file>
         <name>G8RTOS_IPC.obj</name>
      </input_file>
      <input_file id="fl-25">
         <path>.\G8RTOS\</path>
         <kind>object</kind>
         <file>G8RTOS_Scheduler.obj</file>
         <name>G8RTOS_Scheduler.obj</name>
      </input_file>
      <input_file id="fl-26">
         <path>.\G8RTOS\</path>
         <kind>object</kind>
         <file>G8RTOS_SchedulerASM.obj</file>
         <name>G8RTOS_SchedulerASM.obj</name>
      </input_file>
      <input_file id="fl-27">
         <path>.\G8RTOS\</path>
         <kind>object</kind>
         <file>G8RTOS_Semaphores.obj</file>
         <name>G8RTOS_Semaphores.obj</name>
      </input_file>
      <input_file id="fl-2c">
         <kind>object</kind>
         <file>&lt;internal&gt;</file>
         <name>&lt;internal&gt;</name>
      </input_file>
      <input_file id="fl-2d">
         <path>..\BoardSupportPackage\DriverLib\</path>
         <kind>archive</kind>
         <file>msp432p4xx_driverlib.lib</file>
         <name>cs.o</name>
      </input_file>
      <input_file id="fl-2e">
         <path>..\BoardSupportPackage\DriverLib\</path>
         <kind>archive</kind>
         <file>msp432p4xx_driverlib.lib</file>
         <name>flash.o</name>
      </input_file>
      <input_file id="fl-2f">
         <path>..\BoardSupportPackage\DriverLib\</path>
         <kind>archive</kind>
         <file>msp432p4xx_driverlib.lib</file>
         <name>gpio.o</name>
      </input_file>
      <input_file id="fl-30">
         <path>..\BoardSupportPackage\DriverLib\</path>
         <kind>archive</kind>
         <file>msp432p4xx_driverlib.lib</file>
         <name>i2c.o</name>
      </input_file>
      <input_file id="fl-31">
         <path>..\BoardSupportPackage\DriverLib\</path>
         <kind>archive</kind>
         <file>msp432p4xx_driverlib.lib</file>
         <name>interrupt.o</name>
      </input_file>
      <input_file id="fl-32">
         <path>..\BoardSupportPackage\DriverLib\</path>
         <kind>archive</kind>
         <file>msp432p4xx_driverlib.lib</file>
         <name>pcm.o</name>
      </input_file>
      <input_file id="fl-33">
         <path>..\BoardSupportPackage\DriverLib\</path>
         <kind>archive</kind>
         <file>msp432p4xx_driverlib.lib</file>
         <name>rtc_c.o</name>
      </input_file>
      <input_file id="fl-34">
         <path>..\BoardSupportPackage\DriverLib\</path>
         <kind>archive</kind>
         <file>msp432p4xx_driverlib.lib</file>
         <name>spi.o</name>
      </input_file>
      <input_file id="fl-35">
         <path>..\BoardSupportPackage\DriverLib\</path>
         <kind>archive</kind>
         <file>msp432p4xx_driverlib.lib</file>
         <name>sysctl.o</name>
      </input_file>
      <input_file id="fl-36">
         <path>..\BoardSupportPackage\DriverLib\</path>
         <kind>archive</kind>
         <file>msp432p4xx_driverlib.lib</file>
         <name>systick.o</name>
      </input_file>
      <input_file id="fl-37">
         <path>..\BoardSupportPackage\DriverLib\</path>
         <kind>archive</kind>
         <file>msp432p4xx_driverlib.lib</file>
         <name>uart.o</name>
      </input_file>
      <input_file id="fl-38">
         <path>..\BoardSupportPackage\DriverLib\</path>
         <kind>archive</kind>
         <file>msp432p4xx_driverlib.lib</file>
         <name>wdt_a.o</name>
      </input_file>
      <input_file id="fl-39">
         <path>..\BoardSupportPackage\DriverLib\</path>
         <kind>archive</kind>
         <file>msp432p4xx_driverlib.lib</file>
         <name>cpu.o</name>
      </input_file>
      <input_file id="fl-ef">
         <path>C:\ti\ccs910\ccs\tools\compiler\ti-cgt-arm_18.12.2.LTS\lib\</path>
         <kind>archive</kind>
         <file>rtsv7M4_T_le_v4SPD16_eabi.lib</file>
         <name>snprintf.c.obj</name>
      </input_file>
      <input_file id="fl-f0">
         <path>C:\ti\ccs910\ccs\tools\compiler\ti-cgt-arm_18.12.2.LTS\lib\</path>
         <kind>archive</kind>
         <file>rtsv7M4_T_le_v4SPD16_eabi.lib</file>
         <name>sprintf.c.obj</name>
      </input_file>
      <input_file id="fl-f1">
         <path>C:\ti\ccs910\ccs\tools\compiler\ti-cgt-arm_18.12.2.LTS\lib\</path>
         <kind>archive</kind>
         <file>rtsv7M4_T_le_v4SPD16_eabi.lib</file>
         <name>ll_div_t2.asm.obj</name>
      </input_file>
      <input_file id="fl-f2">
         <path>C:\ti\ccs910\ccs\tools\compiler\ti-cgt-arm_18.12.2.LTS\lib\</path>
         <kind>archive</kind>
         <file>rtsv7M4_T_le_v4SPD16_eabi.lib</file>
         <name>ull_div_t2.asm.obj</name>
      </input_file>
      <input_file id="fl-f3">
         <path>C:\ti\ccs910\ccs\tools\compiler\ti-cgt-arm_18.12.2.LTS\lib\</path>
         <kind>archive</kind>
         <file>rtsv7M4_T_le_v4SPD16_eabi.lib</file>
         <name>memset_t2.asm.obj</name>
      </input_file>
      <input_file id="fl-f4">
         <path>C:\ti\ccs910\ccs\tools\compiler\ti-cgt-arm_18.12.2.LTS\lib\</path>
         <kind>archive</kind>
         <file>rtsv7M4_T_le_v4SPD16_eabi.lib</file>
         <name>ll_mul_t2.asm.obj</name>
      </input_file>
      <input_file id="fl-f5">
         <path>C:\ti\ccs910\ccs\tools\compiler\ti-cgt-arm_18.12.2.LTS\lib\</path>
         <kind>archive</kind>
         <file>rtsv7M4_T_le_v4SPD16_eabi.lib</file>
         <name>memcpy_t2.asm.obj</name>
      </input_file>
      <input_file id="fl-f6">
         <path>C:\ti\ccs910\ccs\tools\compiler\ti-cgt-arm_18.12.2.LTS\lib\</path>
         <kind>archive</kind>
         <file>rtsv7M4_T_le_v4SPD16_eabi.lib</file>
         <name>copy_zero_init.c.obj</name>
      </input_file>
      <input_file id="fl-f7">
         <path>C:\ti\ccs910\ccs\tools\compiler\ti-cgt-arm_18.12.2.LTS\lib\</path>
         <kind>archive</kind>
         <file>rtsv7M4_T_le_v4SPD16_eabi.lib</file>
         <name>copy_decompress_none.c.obj</name>
      </input_file>
      <input_file id="fl-f8">
         <path>C:\ti\ccs910\ccs\tools\compiler\ti-cgt-arm_18.12.2.LTS\lib\</path>
         <kind>archive</kind>
         <file>rtsv7M4_T_le_v4SPD16_eabi.lib</file>
         <name>copy_decompress_lzss.c.obj</name>
      </input_file>
      <input_file id="fl-f9">
         <path>C:\ti\ccs910\ccs\tools\compiler\ti-cgt-arm_18.12.2.LTS\lib\</path>
         <kind>archive</kind>
         <file>rtsv7M4_T_le_v4SPD16_eabi.lib</file>
         <name>rand.c.obj</name>
      </input_file>
      <input_file id="fl-fa">
         <path>C:\ti\ccs910\ccs\tools\compiler\ti-cgt-arm_18.12.2.LTS\lib\</path>
         <kind>archive</kind>
         <file>rtsv7M4_T_le_v4SPD16_eabi.lib</file>
         <name>strlen.c.obj</name>
      </input_file>
      <input_file id="fl-fb">
         <path>C:\ti\ccs910\ccs\tools\compiler\ti-cgt-arm_18.12.2.LTS\lib\</path>
         <kind>archive</kind>
         <file>rtsv7M4_T_le_v4SPD16_eabi.lib</file>
         <name>boot_cortex_m.c.obj</name>
      </input_file>
      <input_file id="fl-fc">
         <path>C:\ti\ccs910\ccs\tools\compiler\ti-cgt-arm_18.12.2.LTS\lib\</path>
         <kind>archive</kind>
         <file>rtsv7M4_T_le_v4SPD16_eabi.lib</file>
         <name>_printfi.c.obj</name>
      </input_file>
      <input_file id="fl-fd">
         <path>C:\ti\ccs910\ccs\tools\compiler\ti-cgt-arm_18.12.2.LTS\lib\</path>
         <kind>archive</kind>
         <file>rtsv7M4_T_le_v4SPD16_eabi.lib</file>
         <name>s_frexp.c.obj</name>
      </input_file>
      <input_file id="fl-fe">
         <path>C:\ti\ccs910\ccs\tools\compiler\ti-cgt-arm_18.12.2.LTS\lib\</path>
         <kind>archive</kind>
         <file>rtsv7M4_T_le_v4SPD16_eabi.lib</file>
         <name>s_scalbn.c.obj</name>
      </input_file>
      <input_file id="fl-ff">
         <path>C:\ti\ccs910\ccs\tools\compiler\ti-cgt-arm_18.12.2.LTS\lib\</path>
         <kind>archive</kind>
         <file>rtsv7M4_T_le_v4SPD16_eabi.lib</file>
         <name>div0.asm.obj</name>
      </input_file>
      <input_file id="fl-100">
         <path>C:\ti\ccs910\ccs\tools\compiler\ti-cgt-arm_18.12.2.LTS\lib\</path>
         <kind>archive</kind>
         <file>rtsv7M4_T_le_v4SPD16_eabi.lib</file>
         <name>fd_add_t2.asm.obj</name>
      </input_file>
      <input_file id="fl-101">
         <path>C:\ti\ccs910\ccs\tools\compiler\ti-cgt-arm_18.12.2.LTS\lib\</path>
         <kind>archive</kind>
         <file>rtsv7M4_T_le_v4SPD16_eabi.lib</file>
         <name>fd_cmp_t2.asm.obj</name>
      </input_file>
      <input_file id="fl-102">
         <path>C:\ti\ccs910\ccs\tools\compiler\ti-cgt-arm_18.12.2.LTS\lib\</path>
         <kind>archive</kind>
         <file>rtsv7M4_T_le_v4SPD16_eabi.lib</file>
         <name>fd_div_t2.asm.obj</name>
      </input_file>
      <input_file id="fl-103">
         <path>C:\ti\ccs910\ccs\tools\compiler\ti-cgt-arm_18.12.2.LTS\lib\</path>
         <kind>archive</kind>
         <file>rtsv7M4_T_le_v4SPD16_eabi.lib</file>
         <name>fd_mul_t2.asm.obj</name>
      </input_file>
      <input_file id="fl-104">
         <path>C:\ti\ccs910\ccs\tools\compiler\ti-cgt-arm_18.12.2.LTS\lib\</path>
         <kind>archive</kind>
         <file>rtsv7M4_T_le_v4SPD16_eabi.lib</file>
         <name>fd_toi_t2.asm.obj</name>
      </input_file>
      <input_file id="fl-105">
         <path>C:\ti\ccs910\ccs\tools\compiler\ti-cgt-arm_18.12.2.LTS\lib\</path>
         <kind>archive</kind>
         <file>rtsv7M4_T_le_v4SPD16_eabi.lib</file>
         <name>i_tofd_t2.asm.obj</name>
      </input_file>
      <input_file id="fl-106">
         <path>C:\ti\ccs910\ccs\tools\compiler\ti-cgt-arm_18.12.2.LTS\lib\</path>
         <kind>archive</kind>
         <file>rtsv7M4_T_le_v4SPD16_eabi.lib</file>
         <name>autoinit.c.obj</name>
      </input_file>
      <input_file id="fl-107">
         <path>C:\ti\ccs910\ccs\tools\compiler\ti-cgt-arm_18.12.2.LTS\lib\</path>
         <kind>archive</kind>
         <file>rtsv7M4_T_le_v4SPD16_eabi.lib</file>
         <name>pre_init.c.obj</name>
      </input_file>
      <input_file id="fl-108">
         <path>C:\ti\ccs910\ccs\tools\compiler\ti-cgt-arm_18.12.2.LTS\lib\</path>
         <kind>archive</kind>
         <file>rtsv7M4_T_le_v4SPD16_eabi.lib</file>
         <name>cpy_tbl.c.obj</name>
      </input_file>
      <input_file id="fl-109">
         <path>C:\ti\ccs910\ccs\tools\compiler\ti-cgt-arm_18.12.2.LTS\lib\</path>
         <kind>archive</kind>
         <file>rtsv7M4_T_le_v4SPD16_eabi.lib</file>
         <name>exit.c.obj</name>
      </input_file>
      <input_file id="fl-10a">
         <path>C:\ti\ccs910\ccs\tools\compiler\ti-cgt-arm_18.12.2.LTS\lib\</path>
         <kind>archive</kind>
         <file>rtsv7M4_T_le_v4SPD16_eabi.lib</file>
         <name>_lock.c.obj</name>
      </input_file>
      <input_file id="fl-10b">
         <path>C:\ti\ccs910\ccs\tools\compiler\ti-cgt-arm_18.12.2.LTS\lib\</path>
         <kind>archive</kind>
         <file>rtsv7M4_T_le_v4SPD16_eabi.lib</file>
         <name>args_main.c.obj</name>
      </input_file>
      <input_file id="fl-10c">
         <path>C:\ti\ccs910\ccs\tools\compiler\ti-cgt-arm_18.12.2.LTS\lib\</path>
         <kind>archive</kind>
         <file>rtsv7M4_T_le_v4SPD16_eabi.lib</file>
         <name>atoi.c.obj</name>
      </input_file>
      <input_file id="fl-10d">
         <path>C:\ti\ccs910\ccs\tools\compiler\ti-cgt-arm_18.12.2.LTS\lib\</path>
         <kind>archive</kind>
         <file>rtsv7M4_T_le_v4SPD16_eabi.lib</file>
         <name>ctype.c.obj</name>
      </input_file>
      <input_file id="fl-10e">
         <path>C:\ti\ccs910\ccs\tools\compiler\ti-cgt-arm_18.12.2.LTS\lib\</path>
         <kind>archive</kind>
         <file>rtsv7M4_T_le_v4SPD16_eabi.lib</file>
         <name>ltoa.c.obj</name>
      </input_file>
      <input_file id="fl-10f">
         <path>C:\ti\ccs910\ccs\tools\compiler\ti-cgt-arm_18.12.2.LTS\lib\</path>
         <kind>archive</kind>
         <file>rtsv7M4_T_le_v4SPD16_eabi.lib</file>
         <name>memccpy.c.obj</name>
      </input_file>
      <input_file id="fl-110">
         <path>C:\ti\ccs910\ccs\tools\compiler\ti-cgt-arm_18.12.2.LTS\lib\</path>
         <kind>archive</kind>
         <file>rtsv7M4_T_le_v4SPD16_eabi.lib</file>
         <name>strchr.c.obj</name>
      </input_file>
      <input_file id="fl-111">
         <path>C:\ti\ccs910\ccs\tools\compiler\ti-cgt-arm_18.12.2.LTS\lib\</path>
         <kind>archive</kind>
         <file>rtsv7M4_T_le_v4SPD16_eabi.lib</file>
         <name>errno.c.obj</name>
      </input_file>
      <input_file id="fl-112">
         <path>C:\ti\ccs910\ccs\tools\compiler\ti-cgt-arm_18.12.2.LTS\lib\</path>
         <kind>archive</kind>
         <file>rtsv7M4_T_le_v4SPD16_eabi.lib</file>
         <name>wcslen.c.obj</name>
      </input_file>
      <input_file id="fl-113">
         <path>C:\ti\ccs910\ccs\tools\compiler\ti-cgt-arm_18.12.2.LTS\lib\</path>
         <kind>archive</kind>
         <file>rtsv7M4_T_le_v4SPD16_eabi.lib</file>
         <name>s_copysign.c.obj</name>
      </input_file>
   </input_file_list>
   <object_component_list>
      <object_component id="oc-23">
         <name>.intvecs:retain</name>
         <load_address>0x0</load_address>
         <run_address>0x0</run_address>
         <size>0xe4</size>
         <input_file_ref idref="fl-5"/>
      </object_component>
      <object_component id="oc-3ce">
         <name>.text</name>
         <load_address>0xe4</load_address>
         <run_address>0xe4</run_address>
         <size>0xd5e0</size>
         <input_file_ref idref="fl-10"/>
      </object_component>
      <object_component id="oc-644">
         <name>.text</name>
         <load_address>0xd6c4</load_address>
         <run_address>0xd6c4</run_address>
         <size>0x2024</size>
         <input_file_ref idref="fl-19"/>
      </object_component>
      <object_component id="oc-1e1">
         <name>.text</name>
         <load_address>0xf6e8</load_address>
         <run_address>0xf6e8</run_address>
         <size>0x1874</size>
         <input_file_ref idref="fl-2"/>
      </object_component>
      <object_component id="oc-3ee">
         <name>.text</name>
         <load_address>0x10f5c</load_address>
         <run_address>0x10f5c</run_address>
         <size>0x1810</size>
         <input_file_ref idref="fl-e"/>
      </object_component>
      <object_component id="oc-4ba">
         <name>.text</name>
         <load_address>0x1276c</load_address>
         <run_address>0x1276c</run_address>
         <size>0xed4</size>
         <input_file_ref idref="fl-1f"/>
      </object_component>
      <object_component id="oc-270">
         <name>.text</name>
         <load_address>0x13640</load_address>
         <run_address>0x13640</run_address>
         <size>0xc28</size>
         <input_file_ref idref="fl-11"/>
      </object_component>
      <object_component id="oc-4db">
         <name>.text</name>
         <load_address>0x14268</load_address>
         <run_address>0x14268</run_address>
         <size>0xb44</size>
         <input_file_ref idref="fl-1c"/>
      </object_component>
      <object_component id="oc-4cf">
         <name>.text</name>
         <load_address>0x14dac</load_address>
         <run_address>0x14dac</run_address>
         <size>0xac0</size>
         <input_file_ref idref="fl-21"/>
      </object_component>
      <object_component id="oc-509">
         <name>.text:__TI_printfi</name>
         <load_address>0x1586c</load_address>
         <run_address>0x1586c</run_address>
         <size>0xa4e</size>
         <input_file_ref idref="fl-fc"/>
      </object_component>
      <object_component id="oc-531">
         <name>.text:_nop</name>
         <load_address>0x162ba</load_address>
         <run_address>0x162ba</run_address>
         <size>0x2</size>
         <input_file_ref idref="fl-10a"/>
      </object_component>
      <object_component id="oc-6f">
         <name>.text</name>
         <load_address>0x162bc</load_address>
         <run_address>0x162bc</run_address>
         <size>0xa0c</size>
         <input_file_ref idref="fl-25"/>
      </object_component>
      <object_component id="oc-35f">
         <name>.text</name>
         <load_address>0x16cc8</load_address>
         <run_address>0x16cc8</run_address>
         <size>0x694</size>
         <input_file_ref idref="fl-17"/>
      </object_component>
      <object_component id="oc-1db">
         <name>.text</name>
         <load_address>0x1735c</load_address>
         <run_address>0x1735c</run_address>
         <size>0x63c</size>
         <input_file_ref idref="fl-3"/>
      </object_component>
      <object_component id="oc-4c3">
         <name>.text</name>
         <load_address>0x17998</load_address>
         <run_address>0x17998</run_address>
         <size>0x5b8</size>
         <input_file_ref idref="fl-18"/>
      </object_component>
      <object_component id="oc-7b">
         <name>.text</name>
         <load_address>0x17f50</load_address>
         <run_address>0x17f50</run_address>
         <size>0x360</size>
         <input_file_ref idref="fl-13"/>
      </object_component>
      <object_component id="oc-75">
         <name>.text</name>
         <load_address>0x182b0</load_address>
         <run_address>0x182b0</run_address>
         <size>0x350</size>
         <input_file_ref idref="fl-16"/>
      </object_component>
      <object_component id="oc-b9">
         <name>.text</name>
         <load_address>0x18600</load_address>
         <run_address>0x18600</run_address>
         <size>0x334</size>
         <input_file_ref idref="fl-6"/>
      </object_component>
      <object_component id="oc-282">
         <name>.text</name>
         <load_address>0x18934</load_address>
         <run_address>0x18934</run_address>
         <size>0x2f8</size>
         <input_file_ref idref="fl-9"/>
      </object_component>
      <object_component id="oc-27c">
         <name>.text</name>
         <load_address>0x18c2c</load_address>
         <run_address>0x18c2c</run_address>
         <size>0x2e0</size>
         <input_file_ref idref="fl-f"/>
      </object_component>
      <object_component id="oc-74e">
         <name>.text:_pconv_a</name>
         <load_address>0x18f0c</load_address>
         <run_address>0x18f0c</run_address>
         <size>0x270</size>
         <input_file_ref idref="fl-fc"/>
      </object_component>
      <object_component id="oc-26a">
         <name>.text</name>
         <load_address>0x1917c</load_address>
         <run_address>0x1917c</run_address>
         <size>0x234</size>
         <input_file_ref idref="fl-15"/>
      </object_component>
      <object_component id="oc-68c">
         <name>.text</name>
         <load_address>0x193b0</load_address>
         <run_address>0x193b0</run_address>
         <size>0x210</size>
         <input_file_ref idref="fl-22"/>
      </object_component>
      <object_component id="oc-73c">
         <name>.text:_pconv_g</name>
         <load_address>0x195c0</load_address>
         <run_address>0x195c0</run_address>
         <size>0x1d0</size>
         <input_file_ref idref="fl-fc"/>
      </object_component>
      <object_component id="oc-887">
         <name>.text</name>
         <load_address>0x19790</load_address>
         <run_address>0x19790</run_address>
         <size>0x1b6</size>
         <input_file_ref idref="fl-100"/>
      </object_component>
      <object_component id="oc-7a5">
         <name>.text</name>
         <load_address>0x19946</load_address>
         <run_address>0x19946</run_address>
         <size>0x2</size>
         <input_file_ref idref="fl-ff"/>
      </object_component>
      <object_component id="oc-288">
         <name>.text</name>
         <load_address>0x19948</load_address>
         <run_address>0x19948</run_address>
         <size>0x1ac</size>
         <input_file_ref idref="fl-d"/>
      </object_component>
      <object_component id="oc-2bf">
         <name>.text:__PCM_setPowerStateAdvanced</name>
         <load_address>0x19af4</load_address>
         <run_address>0x19af4</run_address>
         <size>0x1a0</size>
         <input_file_ref idref="fl-32"/>
      </object_component>
      <object_component id="oc-276">
         <name>.text</name>
         <load_address>0x19c94</load_address>
         <run_address>0x19c94</run_address>
         <size>0x178</size>
         <input_file_ref idref="fl-c"/>
      </object_component>
      <object_component id="oc-748">
         <name>.text:_pconv_e</name>
         <load_address>0x19e0c</load_address>
         <run_address>0x19e0c</run_address>
         <size>0x13c</size>
         <input_file_ref idref="fl-fc"/>
      </object_component>
      <object_component id="oc-86d">
         <name>.text</name>
         <load_address>0x19f48</load_address>
         <run_address>0x19f48</run_address>
         <size>0x136</size>
         <input_file_ref idref="fl-102"/>
      </object_component>
      <object_component id="oc-4c9">
         <name>.text</name>
         <load_address>0x1a080</load_address>
         <run_address>0x1a080</run_address>
         <size>0x130</size>
         <input_file_ref idref="fl-1e"/>
      </object_component>
      <object_component id="oc-899">
         <name>.text:fcvt</name>
         <load_address>0x1a1b0</load_address>
         <run_address>0x1a1b0</run_address>
         <size>0x124</size>
         <input_file_ref idref="fl-fc"/>
      </object_component>
      <object_component id="oc-4d5">
         <name>.text</name>
         <load_address>0x1a2d4</load_address>
         <run_address>0x1a2d4</run_address>
         <size>0x110</size>
         <input_file_ref idref="fl-1d"/>
      </object_component>
      <object_component id="oc-8ad">
         <name>.text:scalbn</name>
         <load_address>0x1a3e4</load_address>
         <run_address>0x1a3e4</run_address>
         <size>0x110</size>
         <input_file_ref idref="fl-fe"/>
      </object_component>
      <object_component id="oc-466">
         <name>.text:CS_getDCOFrequency</name>
         <load_address>0x1a4f4</load_address>
         <run_address>0x1a4f4</run_address>
         <size>0x104</size>
         <input_file_ref idref="fl-2d"/>
      </object_component>
      <object_component id="oc-264">
         <name>.text</name>
         <load_address>0x1a5f8</load_address>
         <run_address>0x1a5f8</run_address>
         <size>0xfe</size>
         <input_file_ref idref="fl-14"/>
      </object_component>
      <object_component id="oc-868">
         <name>.text</name>
         <load_address>0x1a6f6</load_address>
         <run_address>0x1a6f6</run_address>
         <size>0xfc</size>
         <input_file_ref idref="fl-103"/>
      </object_component>
      <object_component id="oc-135">
         <name>.text:CS_initClockSignal</name>
         <load_address>0x1a7f4</load_address>
         <run_address>0x1a7f4</run_address>
         <size>0xe0</size>
         <input_file_ref idref="fl-2d"/>
      </object_component>
      <object_component id="oc-452">
         <name>.text:__PCM_setPowerModeAdvanced</name>
         <load_address>0x1a8d4</load_address>
         <run_address>0x1a8d4</run_address>
         <size>0xdc</size>
         <input_file_ref idref="fl-32"/>
      </object_component>
      <object_component id="oc-731">
         <name>.text:_ltostr</name>
         <load_address>0x1a9b0</load_address>
         <run_address>0x1a9b0</run_address>
         <size>0xb1</size>
         <input_file_ref idref="fl-fc"/>
      </object_component>
      <object_component id="oc-3b3">
         <name>.text:__PCM_setCoreVoltageLevelAdvanced</name>
         <load_address>0x1aa64</load_address>
         <run_address>0x1aa64</run_address>
         <size>0xb0</size>
         <input_file_ref idref="fl-32"/>
      </object_component>
      <object_component id="oc-33f">
         <name>.text:PutChar</name>
         <load_address>0x1ab14</load_address>
         <run_address>0x1ab14</run_address>
         <size>0xa4</size>
         <input_file_ref idref="fl-3"/>
      </object_component>
      <object_component id="oc-1d5">
         <name>.text</name>
         <load_address>0x1abb8</load_address>
         <run_address>0x1abb8</run_address>
         <size>0xa0</size>
         <input_file_ref idref="fl-27"/>
      </object_component>
      <object_component id="oc-3ba">
         <name>.text:CS_startHFXTWithTimeout</name>
         <load_address>0x1ac58</load_address>
         <run_address>0x1ac58</run_address>
         <size>0x9c</size>
         <input_file_ref idref="fl-2d"/>
      </object_component>
      <object_component id="oc-2d6">
         <name>.text:_CSComputeCLKFrequency</name>
         <load_address>0x1acf4</load_address>
         <run_address>0x1acf4</run_address>
         <size>0x9c</size>
         <input_file_ref idref="fl-2d"/>
      </object_component>
      <object_component id="oc-34">
         <name>.text</name>
         <load_address>0x1ad90</load_address>
         <run_address>0x1ad90</run_address>
         <size>0x9c</size>
         <input_file_ref idref="fl-f5"/>
      </object_component>
      <object_component id="oc-7aa">
         <name>.text</name>
         <load_address>0x1ae2c</load_address>
         <run_address>0x1ae2c</run_address>
         <size>0x96</size>
         <input_file_ref idref="fl-f2"/>
      </object_component>
      <object_component id="oc-401">
         <name>.text:UART_initModule</name>
         <load_address>0x1aec4</load_address>
         <run_address>0x1aec4</run_address>
         <size>0x94</size>
         <input_file_ref idref="fl-37"/>
      </object_component>
      <object_component id="oc-304">
         <name>.text:SPI_initMaster</name>
         <load_address>0x1af58</load_address>
         <run_address>0x1af58</run_address>
         <size>0x88</size>
         <input_file_ref idref="fl-34"/>
      </object_component>
      <object_component id="oc-737">
         <name>.text:__aeabi_cdcmple</name>
         <load_address>0x1afe0</load_address>
         <run_address>0x1afe0</run_address>
         <size>0x86</size>
         <input_file_ref idref="fl-101"/>
      </object_component>
      <object_component id="oc-872">
         <name>.text:__aeabi_cdrcmple</name>
         <load_address>0x1b066</load_address>
         <run_address>0x1b066</run_address>
         <size>0x86</size>
         <input_file_ref idref="fl-101"/>
      </object_component>
      <object_component id="oc-c6">
         <name>.text</name>
         <load_address>0x1b0ec</load_address>
         <run_address>0x1b0ec</run_address>
         <size>0x84</size>
         <input_file_ref idref="fl-b"/>
      </object_component>
      <object_component id="oc-a7">
         <name>.text</name>
         <load_address>0x1b170</load_address>
         <run_address>0x1b170</run_address>
         <size>0x84</size>
         <input_file_ref idref="fl-4"/>
      </object_component>
      <object_component id="oc-7c9">
         <name>.text</name>
         <load_address>0x1b1f4</load_address>
         <run_address>0x1b1f4</run_address>
         <size>0x80</size>
         <input_file_ref idref="fl-1a"/>
      </object_component>
      <object_component id="oc-440">
         <name>.text:PCM_gotoLPM3</name>
         <load_address>0x1b274</load_address>
         <run_address>0x1b274</run_address>
         <size>0x7c</size>
         <input_file_ref idref="fl-32"/>
      </object_component>
      <object_component id="oc-9b">
         <name>.text</name>
         <load_address>0x1b2f0</load_address>
         <run_address>0x1b2f0</run_address>
         <size>0x7a</size>
         <input_file_ref idref="fl-f3"/>
      </object_component>
      <object_component id="oc-56f">
         <name>.text:_CSGetHFXTFrequency</name>
         <load_address>0x1b36c</load_address>
         <run_address>0x1b36c</run_address>
         <size>0x70</size>
         <input_file_ref idref="fl-2d"/>
      </object_component>
      <object_component id="oc-892">
         <name>.text:_mcpy</name>
         <load_address>0x1b3dc</load_address>
         <run_address>0x1b3dc</run_address>
         <size>0x6e</size>
         <input_file_ref idref="fl-fc"/>
      </object_component>
      <object_component id="oc-5b6">
         <name>.text</name>
         <load_address>0x1b44a</load_address>
         <run_address>0x1b44a</run_address>
         <size>0x6e</size>
         <input_file_ref idref="fl-f1"/>
      </object_component>
      <object_component id="oc-14">
         <name>.text:decompress:lzss:__TI_decompress_lzss</name>
         <load_address>0x1b4b8</load_address>
         <run_address>0x1b4b8</run_address>
         <size>0x68</size>
         <input_file_ref idref="fl-f8"/>
      </object_component>
      <object_component id="oc-111">
         <name>.text:Interrupt_disableInterrupt</name>
         <load_address>0x1b520</load_address>
         <run_address>0x1b520</run_address>
         <size>0x64</size>
         <input_file_ref idref="fl-31"/>
      </object_component>
      <object_component id="oc-ff">
         <name>.text:Interrupt_enableInterrupt</name>
         <load_address>0x1b584</load_address>
         <run_address>0x1b584</run_address>
         <size>0x64</size>
         <input_file_ref idref="fl-31"/>
      </object_component>
      <object_component id="oc-8a7">
         <name>.text:frexp</name>
         <load_address>0x1b5e8</load_address>
         <run_address>0x1b5e8</run_address>
         <size>0x64</size>
         <input_file_ref idref="fl-fd"/>
      </object_component>
      <object_component id="oc-350">
         <name>.text:LCD_ReadDataPixels</name>
         <load_address>0x1b64c</load_address>
         <run_address>0x1b64c</run_address>
         <size>0x60</size>
         <input_file_ref idref="fl-3"/>
      </object_component>
      <object_component id="oc-742">
         <name>.text:_pconv_f</name>
         <load_address>0x1b6ac</load_address>
         <run_address>0x1b6ac</run_address>
         <size>0x56</size>
         <input_file_ref idref="fl-fc"/>
      </object_component>
      <object_component id="oc-87c">
         <name>.text:ltoa</name>
         <load_address>0x1b702</load_address>
         <run_address>0x1b702</run_address>
         <size>0x54</size>
         <input_file_ref idref="fl-10e"/>
      </object_component>
      <object_component id="oc-88c">
         <name>.text:_ecpy</name>
         <load_address>0x1b756</load_address>
         <run_address>0x1b756</run_address>
         <size>0x52</size>
         <input_file_ref idref="fl-fc"/>
      </object_component>
      <object_component id="oc-44c">
         <name>.text:PCM_shutdownDevice</name>
         <load_address>0x1b7a8</load_address>
         <run_address>0x1b7a8</run_address>
         <size>0x50</size>
         <input_file_ref idref="fl-32"/>
      </object_component>
      <object_component id="oc-612">
         <name>.text:SysCtl_getTLVInfo</name>
         <load_address>0x1b7f8</load_address>
         <run_address>0x1b7f8</run_address>
         <size>0x50</size>
         <input_file_ref idref="fl-35"/>
      </object_component>
      <object_component id="oc-6a">
         <name>.text</name>
         <load_address>0x1b848</load_address>
         <run_address>0x1b848</run_address>
         <size>0x4c</size>
         <input_file_ref idref="fl-26"/>
      </object_component>
      <object_component id="oc-117">
         <name>.text:GPIO_setAsPeripheralModuleFunctionOutputPin</name>
         <load_address>0x1b894</load_address>
         <run_address>0x1b894</run_address>
         <size>0x4c</size>
         <input_file_ref idref="fl-2f"/>
      </object_component>
      <object_component id="oc-60c">
         <name>.text:_CSGetDOCFrequency</name>
         <load_address>0x1b8e0</load_address>
         <run_address>0x1b8e0</run_address>
         <size>0x4c</size>
         <input_file_ref idref="fl-2d"/>
      </object_component>
      <object_component id="oc-72b">
         <name>.text:atoi</name>
         <load_address>0x1b92c</load_address>
         <run_address>0x1b92c</run_address>
         <size>0x4c</size>
         <input_file_ref idref="fl-10c"/>
      </object_component>
      <object_component id="oc-40d">
         <name>.text:snprintf</name>
         <load_address>0x1b978</load_address>
         <run_address>0x1b978</run_address>
         <size>0x4c</size>
         <input_file_ref idref="fl-ef"/>
      </object_component>
      <object_component id="oc-2fe">
         <name>.text:GPIO_setAsPeripheralModuleFunctionInputPin</name>
         <load_address>0x1b9c4</load_address>
         <run_address>0x1b9c4</run_address>
         <size>0x48</size>
         <input_file_ref idref="fl-2f"/>
      </object_component>
      <object_component id="oc-460">
         <name>.text:_CSGetDividerValue</name>
         <load_address>0x1ba0c</load_address>
         <run_address>0x1ba0c</run_address>
         <size>0x48</size>
         <input_file_ref idref="fl-2d"/>
      </object_component>
      <object_component id="oc-877">
         <name>.text</name>
         <load_address>0x1ba54</load_address>
         <run_address>0x1ba54</run_address>
         <size>0x48</size>
         <input_file_ref idref="fl-104"/>
      </object_component>
      <object_component id="oc-1fb">
         <name>.text:__TI_auto_init_nobinit_nopinit:__TI_auto_init_nobinit_nopinit</name>
         <load_address>0x1ba9c</load_address>
         <run_address>0x1ba9c</run_address>
         <size>0x44</size>
         <input_file_ref idref="fl-106"/>
      </object_component>
      <object_component id="oc-4a5">
         <name>.text</name>
         <load_address>0x1bae0</load_address>
         <run_address>0x1bae0</run_address>
         <size>0x40</size>
         <input_file_ref idref="fl-7"/>
      </object_component>
      <object_component id="oc-492">
         <name>.text:LCD_WriteData</name>
         <load_address>0x1bb20</load_address>
         <run_address>0x1bb20</run_address>
         <size>0x40</size>
         <input_file_ref idref="fl-3"/>
      </object_component>
      <object_component id="oc-365">
         <name>.text:sprintf</name>
         <load_address>0x1bb60</load_address>
         <run_address>0x1bb60</run_address>
         <size>0x40</size>
         <input_file_ref idref="fl-f0"/>
      </object_component>
      <object_component id="oc-15e">
         <name>.text:I2C_initMaster</name>
         <load_address>0x1bba0</load_address>
         <run_address>0x1bba0</run_address>
         <size>0x3e</size>
         <input_file_ref idref="fl-30"/>
      </object_component>
      <object_component id="oc-89f">
         <name>.text:_fcpy</name>
         <load_address>0x1bbde</load_address>
         <run_address>0x1bbde</run_address>
         <size>0x3e</size>
         <input_file_ref idref="fl-fc"/>
      </object_component>
      <object_component id="oc-338">
         <name>.text:LCD_Write_Data_Only</name>
         <load_address>0x1bc1c</load_address>
         <run_address>0x1bc1c</run_address>
         <size>0x3c</size>
         <input_file_ref idref="fl-3"/>
      </object_component>
      <object_component id="oc-176">
         <name>.text:I2C_masterSendMultiByteStart</name>
         <load_address>0x1bc58</load_address>
         <run_address>0x1bc58</run_address>
         <size>0x38</size>
         <input_file_ref idref="fl-30"/>
      </object_component>
      <object_component id="oc-d2">
         <name>.text</name>
         <load_address>0x1bc90</load_address>
         <run_address>0x1bc90</run_address>
         <size>0x34</size>
         <input_file_ref idref="fl-8"/>
      </object_component>
      <object_component id="oc-32a">
         <name>.text:LCD_WriteIndex</name>
         <load_address>0x1bcc4</load_address>
         <run_address>0x1bcc4</run_address>
         <size>0x34</size>
         <input_file_ref idref="fl-3"/>
      </object_component>
      <object_component id="oc-52">
         <name>.text:_c_int00_noargs:_c_int00_noargs</name>
         <load_address>0x1bcf8</load_address>
         <run_address>0x1bcf8</run_address>
         <size>0x34</size>
         <input_file_ref idref="fl-fb"/>
      </object_component>
      <object_component id="oc-36e">
         <name>.text:rand</name>
         <load_address>0x1bd2c</load_address>
         <run_address>0x1bd2c</run_address>
         <size>0x34</size>
         <input_file_ref idref="fl-f9"/>
      </object_component>
      <object_component id="oc-374">
         <name>.text:GPIO_getEnabledInterruptStatus</name>
         <load_address>0x1bd60</load_address>
         <run_address>0x1bd60</run_address>
         <size>0x30</size>
         <input_file_ref idref="fl-2f"/>
      </object_component>
      <object_component id="oc-19a">
         <name>.text:I2C_masterSendMultiByteStop</name>
         <load_address>0x1bd90</load_address>
         <run_address>0x1bd90</run_address>
         <size>0x30</size>
         <input_file_ref idref="fl-30"/>
      </object_component>
      <object_component id="oc-5ca">
         <name>.text:_outs</name>
         <load_address>0x1bdc0</load_address>
         <run_address>0x1bdc0</run_address>
         <size>0x30</size>
         <input_file_ref idref="fl-ef"/>
      </object_component>
      <object_component id="oc-47b">
         <name>.text:is_A_Module</name>
         <load_address>0x1bdf0</load_address>
         <run_address>0x1bdf0</run_address>
         <size>0x30</size>
         <input_file_ref idref="fl-34"/>
      </object_component>
      <object_component id="oc-882">
         <name>.text</name>
         <load_address>0x1be20</load_address>
         <run_address>0x1be20</run_address>
         <size>0x2e</size>
         <input_file_ref idref="fl-105"/>
      </object_component>
      <object_component id="oc-556">
         <name>.text:PCM_getCoreVoltageLevel</name>
         <load_address>0x1be4e</load_address>
         <run_address>0x1be4e</run_address>
         <size>0x2c</size>
         <input_file_ref idref="fl-32"/>
      </object_component>
      <object_component id="oc-550">
         <name>.text:PCM_getPowerMode</name>
         <load_address>0x1be7a</load_address>
         <run_address>0x1be7a</run_address>
         <size>0x2a</size>
         <input_file_ref idref="fl-32"/>
      </object_component>
      <object_component id="oc-123">
         <name>.text:FlashCtl_setWaitState</name>
         <load_address>0x1bea4</load_address>
         <run_address>0x1bea4</run_address>
         <size>0x28</size>
         <input_file_ref idref="fl-2e"/>
      </object_component>
      <object_component id="oc-458">
         <name>.text:PCM_gotoLPM0</name>
         <load_address>0x1becc</load_address>
         <run_address>0x1becc</run_address>
         <size>0x28</size>
         <input_file_ref idref="fl-32"/>
      </object_component>
      <object_component id="oc-349">
         <name>.text:SPISendRecvByte</name>
         <load_address>0x1bef4</load_address>
         <run_address>0x1bef4</run_address>
         <size>0x28</size>
         <input_file_ref idref="fl-3"/>
      </object_component>
      <object_component id="oc-3d9">
         <name>.text</name>
         <load_address>0x1bf1c</load_address>
         <run_address>0x1bf1c</run_address>
         <size>0x26</size>
         <input_file_ref idref="fl-12"/>
      </object_component>
      <object_component id="oc-46c">
         <name>.text:CS_clearInterruptFlag</name>
         <load_address>0x1bf44</load_address>
         <run_address>0x1bf44</run_address>
         <size>0x24</size>
         <input_file_ref idref="fl-2d"/>
      </object_component>
      <object_component id="oc-12f">
         <name>.text:CS_setDCOCenteredFrequency</name>
         <load_address>0x1bf68</load_address>
         <run_address>0x1bf68</run_address>
         <size>0x24</size>
         <input_file_ref idref="fl-2d"/>
      </object_component>
      <object_component id="oc-310">
         <name>.text:GPIO_setAsOutputPin</name>
         <load_address>0x1bf8c</load_address>
         <run_address>0x1bf8c</run_address>
         <size>0x24</size>
         <input_file_ref idref="fl-2f"/>
      </object_component>
      <object_component id="oc-1a6">
         <name>.text:I2C_masterSendMultiByteNext</name>
         <load_address>0x1bfb0</load_address>
         <run_address>0x1bfb0</run_address>
         <size>0x24</size>
         <input_file_ref idref="fl-30"/>
      </object_component>
      <object_component id="oc-105">
         <name>.text:Interrupt_setPriority</name>
         <load_address>0x1bfd4</load_address>
         <run_address>0x1bfd4</run_address>
         <size>0x24</size>
         <input_file_ref idref="fl-31"/>
      </object_component>
      <object_component id="oc-5ff">
         <name>.text:RTC_C_holdClock</name>
         <load_address>0x1bff8</load_address>
         <run_address>0x1bff8</run_address>
         <size>0x24</size>
         <input_file_ref idref="fl-33"/>
      </object_component>
      <object_component id="oc-3fb">
         <name>.text:UART_transmitData</name>
         <load_address>0x1c01c</load_address>
         <run_address>0x1c01c</run_address>
         <size>0x24</size>
         <input_file_ref idref="fl-37"/>
      </object_component>
      <object_component id="oc-323">
         <name>.text:LCD_SetCursor</name>
         <load_address>0x1c040</load_address>
         <run_address>0x1c040</run_address>
         <size>0x20</size>
         <input_file_ref idref="fl-3"/>
      </object_component>
      <object_component id="oc-499">
         <name>.text:SPI_transmitData</name>
         <load_address>0x1c060</load_address>
         <run_address>0x1c060</run_address>
         <size>0x20</size>
         <input_file_ref idref="fl-34"/>
      </object_component>
      <object_component id="oc-49f">
         <name>.text:EUSCI_B_SPI_isBusy</name>
         <load_address>0x1c080</load_address>
         <run_address>0x1c080</run_address>
         <size>0x1c</size>
         <input_file_ref idref="fl-34"/>
      </object_component>
      <object_component id="oc-31c">
         <name>.text:LCD_WriteReg</name>
         <load_address>0x1c09c</load_address>
         <run_address>0x1c09c</run_address>
         <size>0x1c</size>
         <input_file_ref idref="fl-3"/>
      </object_component>
      <object_component id="oc-754">
         <name>.text:memccpy</name>
         <load_address>0x1c0b8</load_address>
         <run_address>0x1c0b8</run_address>
         <size>0x1c</size>
         <input_file_ref idref="fl-10f"/>
      </object_component>
      <object_component id="oc-30a">
         <name>.text:SPI_enableModule</name>
         <load_address>0x1c0d4</load_address>
         <run_address>0x1c0d4</run_address>
         <size>0x1a</size>
         <input_file_ref idref="fl-34"/>
      </object_component>
      <object_component id="oc-4ad">
         <name>.text:SPI_receiveData</name>
         <load_address>0x1c0ee</load_address>
         <run_address>0x1c0ee</run_address>
         <size>0x1a</size>
         <input_file_ref idref="fl-34"/>
      </object_component>
      <object_component id="oc-8fd">
         <name>.text:copysign</name>
         <load_address>0x1c108</load_address>
         <run_address>0x1c108</run_address>
         <size>0x1a</size>
         <input_file_ref idref="fl-113"/>
      </object_component>
      <object_component id="oc-250">
         <name>.text:CS_getMCLK</name>
         <load_address>0x1c124</load_address>
         <run_address>0x1c124</run_address>
         <size>0x18</size>
         <input_file_ref idref="fl-2d"/>
      </object_component>
      <object_component id="oc-14c">
         <name>.text:CS_getSMCLK</name>
         <load_address>0x1c13c</load_address>
         <run_address>0x1c13c</run_address>
         <size>0x18</size>
         <input_file_ref idref="fl-2d"/>
      </object_component>
      <object_component id="oc-258">
         <name>.text:WDT_A_clearTimer</name>
         <load_address>0x1c154</load_address>
         <run_address>0x1c154</run_address>
         <size>0x18</size>
         <input_file_ref idref="fl-38"/>
      </object_component>
      <object_component id="oc-25e">
         <name>.text:WDT_A_holdTimer</name>
         <load_address>0x1c16c</load_address>
         <run_address>0x1c16c</run_address>
         <size>0x18</size>
         <input_file_ref idref="fl-38"/>
      </object_component>
      <object_component id="oc-5d0">
         <name>.text:_outc</name>
         <load_address>0x1c184</load_address>
         <run_address>0x1c184</run_address>
         <size>0x18</size>
         <input_file_ref idref="fl-ef"/>
      </object_component>
      <object_component id="oc-50f">
         <name>.text:_outs</name>
         <load_address>0x1c19c</load_address>
         <run_address>0x1c19c</run_address>
         <size>0x18</size>
         <input_file_ref idref="fl-f0"/>
      </object_component>
      <object_component id="oc-5b1">
         <name>.text</name>
         <load_address>0x1c1b4</load_address>
         <run_address>0x1c1b4</run_address>
         <size>0x18</size>
         <input_file_ref idref="fl-f4"/>
      </object_component>
      <object_component id="oc-8b3">
         <name>.text:strchr</name>
         <load_address>0x1c1cc</load_address>
         <run_address>0x1c1cc</run_address>
         <size>0x16</size>
         <input_file_ref idref="fl-110"/>
      </object_component>
      <object_component id="oc-11d">
         <name>.text:CS_setExternalClockSourceFrequency</name>
         <load_address>0x1c1e4</load_address>
         <run_address>0x1c1e4</run_address>
         <size>0x14</size>
         <input_file_ref idref="fl-2d"/>
      </object_component>
      <object_component id="oc-316">
         <name>.text:GPIO_setOutputHighOnPin</name>
         <load_address>0x1c1f8</load_address>
         <run_address>0x1c1f8</run_address>
         <size>0x14</size>
         <input_file_ref idref="fl-2f"/>
      </object_component>
      <object_component id="oc-152">
         <name>.text:I2C_isBusBusy</name>
         <load_address>0x1c20c</load_address>
         <run_address>0x1c20c</run_address>
         <size>0x14</size>
         <input_file_ref idref="fl-30"/>
      </object_component>
      <object_component id="oc-cc">
         <name>.text:SysTick_enableInterrupt</name>
         <load_address>0x1c220</load_address>
         <run_address>0x1c220</run_address>
         <size>0x14</size>
         <input_file_ref idref="fl-36"/>
      </object_component>
      <object_component id="oc-4e1">
         <name>.text:strlen</name>
         <load_address>0x1c234</load_address>
         <run_address>0x1c234</run_address>
         <size>0x14</size>
         <input_file_ref idref="fl-fa"/>
      </object_component>
      <object_component id="oc-75a">
         <name>.text:wcslen</name>
         <load_address>0x1c248</load_address>
         <run_address>0x1c248</run_address>
         <size>0x12</size>
         <input_file_ref idref="fl-112"/>
      </object_component>
      <object_component id="oc-526">
         <name>.text:GPIO_getInterruptStatus</name>
         <load_address>0x1c25c</load_address>
         <run_address>0x1c25c</run_address>
         <size>0x10</size>
         <input_file_ref idref="fl-2f"/>
      </object_component>
      <object_component id="oc-188">
         <name>.text:I2C_masterReceiveStart</name>
         <load_address>0x1c26c</load_address>
         <run_address>0x1c26c</run_address>
         <size>0x10</size>
         <input_file_ref idref="fl-30"/>
      </object_component>
      <object_component id="oc-10b">
         <name>.text:Interrupt_enableMaster</name>
         <load_address>0x1c27c</load_address>
         <run_address>0x1c27c</run_address>
         <size>0x10</size>
         <input_file_ref idref="fl-31"/>
      </object_component>
      <object_component id="oc-446">
         <name>.text:PCM_gotoLPM4</name>
         <load_address>0x1c28c</load_address>
         <run_address>0x1c28c</run_address>
         <size>0x10</size>
         <input_file_ref idref="fl-32"/>
      </object_component>
      <object_component id="oc-569">
         <name>.text:SysCtl_disableNMISource</name>
         <load_address>0x1c29c</load_address>
         <run_address>0x1c29c</run_address>
         <size>0x10</size>
         <input_file_ref idref="fl-35"/>
      </object_component>
      <object_component id="oc-575">
         <name>.text:SysCtl_enableNMISource</name>
         <load_address>0x1c2ac</load_address>
         <run_address>0x1c2ac</run_address>
         <size>0x10</size>
         <input_file_ref idref="fl-35"/>
      </object_component>
      <object_component id="oc-df">
         <name>.text</name>
         <load_address>0x1c2bc</load_address>
         <run_address>0x1c2bc</run_address>
         <size>0xe</size>
         <input_file_ref idref="fl-23"/>
      </object_component>
      <object_component id="oc-194">
         <name>.text:I2C_clearInterruptFlag</name>
         <load_address>0x1c2ca</load_address>
         <run_address>0x1c2ca</run_address>
         <size>0xe</size>
         <input_file_ref idref="fl-30"/>
      </object_component>
      <object_component id="oc-17c">
         <name>.text:I2C_disableInterrupt</name>
         <load_address>0x1c2d8</load_address>
         <run_address>0x1c2d8</run_address>
         <size>0xe</size>
         <input_file_ref idref="fl-30"/>
      </object_component>
      <object_component id="oc-1a">
         <name>.text:decompress:none:__TI_decompress_none</name>
         <load_address>0x1c2e6</load_address>
         <run_address>0x1c2e6</run_address>
         <size>0xe</size>
         <input_file_ref idref="fl-f7"/>
      </object_component>
      <object_component id="oc-64">
         <name>.text</name>
         <load_address>0x1c2f4</load_address>
         <run_address>0x1c2f4</run_address>
         <size>0xe</size>
         <input_file_ref idref="fl-5"/>
      </object_component>
      <object_component id="oc-2ab">
         <name>.text:CPU_cpsie</name>
         <load_address>0x1c302</load_address>
         <run_address>0x1c302</run_address>
         <size>0xc</size>
         <input_file_ref idref="fl-39"/>
      </object_component>
      <object_component id="oc-489">
         <name>.text:EUSCI_A_SPI_enable</name>
         <load_address>0x1c30e</load_address>
         <run_address>0x1c30e</run_address>
         <size>0xc</size>
         <input_file_ref idref="fl-34"/>
      </object_component>
      <object_component id="oc-483">
         <name>.text:EUSCI_B_SPI_enable</name>
         <load_address>0x1c31a</load_address>
         <run_address>0x1c31a</run_address>
         <size>0xc</size>
         <input_file_ref idref="fl-34"/>
      </object_component>
      <object_component id="oc-158">
         <name>.text:I2C_disableModule</name>
         <load_address>0x1c326</load_address>
         <run_address>0x1c326</run_address>
         <size>0xc</size>
         <input_file_ref idref="fl-30"/>
      </object_component>
      <object_component id="oc-16a">
         <name>.text:I2C_enableModule</name>
         <load_address>0x1c332</load_address>
         <run_address>0x1c332</run_address>
         <size>0xc</size>
         <input_file_ref idref="fl-30"/>
      </object_component>
      <object_component id="oc-43a">
         <name>.text:PCM_getPowerState</name>
         <load_address>0x1c340</load_address>
         <run_address>0x1c340</run_address>
         <size>0xc</size>
         <input_file_ref idref="fl-32"/>
      </object_component>
      <object_component id="oc-563">
         <name>.text:SysCtl_getNMISourceStatus</name>
         <load_address>0x1c34c</load_address>
         <run_address>0x1c34c</run_address>
         <size>0xc</size>
         <input_file_ref idref="fl-35"/>
      </object_component>
      <object_component id="oc-407">
         <name>.text:UART_enableModule</name>
         <load_address>0x1c358</load_address>
         <run_address>0x1c358</run_address>
         <size>0xc</size>
         <input_file_ref idref="fl-37"/>
      </object_component>
      <object_component id="oc-46">
         <name>.text:decompress:ZI:__TI_zero_init</name>
         <load_address>0x1c364</load_address>
         <run_address>0x1c364</run_address>
         <size>0xc</size>
         <input_file_ref idref="fl-f6"/>
      </object_component>
      <object_component id="oc-331">
         <name>.text:LCD_Write_Data_Start</name>
         <load_address>0x1c370</load_address>
         <run_address>0x1c370</run_address>
         <size>0xa</size>
         <input_file_ref idref="fl-3"/>
      </object_component>
      <object_component id="oc-515">
         <name>.text:_outc</name>
         <load_address>0x1c37a</load_address>
         <run_address>0x1c37a</run_address>
         <size>0xa</size>
         <input_file_ref idref="fl-f0"/>
      </object_component>
      <object_component id="oc-170">
         <name>.text:I2C_enableInterrupt</name>
         <load_address>0x1c384</load_address>
         <run_address>0x1c384</run_address>
         <size>0x8</size>
         <input_file_ref idref="fl-30"/>
      </object_component>
      <object_component id="oc-244">
         <name>.text:PCM_setCoreVoltageLevel</name>
         <load_address>0x1c38c</load_address>
         <run_address>0x1c38c</run_address>
         <size>0x8</size>
         <input_file_ref idref="fl-32"/>
      </object_component>
      <object_component id="oc-55c">
         <name>.text:PCM_setPowerMode</name>
         <load_address>0x1c394</load_address>
         <run_address>0x1c394</run_address>
         <size>0x8</size>
         <input_file_ref idref="fl-32"/>
      </object_component>
      <object_component id="oc-129">
         <name>.text:PCM_setPowerState</name>
         <load_address>0x1c39c</load_address>
         <run_address>0x1c39c</run_address>
         <size>0x8</size>
         <input_file_ref idref="fl-32"/>
      </object_component>
      <object_component id="oc-760">
         <name>.text:__aeabi_errno_addr</name>
         <load_address>0x1c3a4</load_address>
         <run_address>0x1c3a4</run_address>
         <size>0x8</size>
         <input_file_ref idref="fl-111"/>
      </object_component>
      <object_component id="oc-24a">
         <name>.text:CS_startHFXT</name>
         <load_address>0x1c3ac</load_address>
         <run_address>0x1c3ac</run_address>
         <size>0x6</size>
         <input_file_ref idref="fl-2d"/>
      </object_component>
      <object_component id="oc-637">
         <name>.text:EUSCI_A_SPI_receiveData</name>
         <load_address>0x1c3b2</load_address>
         <run_address>0x1c3b2</run_address>
         <size>0x6</size>
         <input_file_ref idref="fl-34"/>
      </object_component>
      <object_component id="oc-63d">
         <name>.text:EUSCI_B_SPI_receiveData</name>
         <load_address>0x1c3b8</load_address>
         <run_address>0x1c3b8</run_address>
         <size>0x6</size>
         <input_file_ref idref="fl-34"/>
      </object_component>
      <object_component id="oc-18e">
         <name>.text:I2C_getEnabledInterruptStatus</name>
         <load_address>0x1c3be</load_address>
         <run_address>0x1c3be</run_address>
         <size>0x6</size>
         <input_file_ref idref="fl-30"/>
      </object_component>
      <object_component id="oc-182">
         <name>.text:I2C_getInterruptStatus</name>
         <load_address>0x1c3c4</load_address>
         <run_address>0x1c3c4</run_address>
         <size>0x6</size>
         <input_file_ref idref="fl-30"/>
      </object_component>
      <object_component id="oc-1a0">
         <name>.text:I2C_masterReceiveMultiByteNext</name>
         <load_address>0x1c3ca</load_address>
         <run_address>0x1c3ca</run_address>
         <size>0x6</size>
         <input_file_ref idref="fl-30"/>
      </object_component>
      <object_component id="oc-5aa">
         <name>.text:SysCtlDelay</name>
         <load_address>0x1c3d0</load_address>
         <run_address>0x1c3d0</run_address>
         <size>0x6</size>
         <input_file_ref idref="fl-12"/>
      </object_component>
      <object_component id="oc-5f8">
         <name>.text:CPU_wfi</name>
         <load_address>0x1c3d6</load_address>
         <run_address>0x1c3d6</run_address>
         <size>0x4</size>
         <input_file_ref idref="fl-39"/>
      </object_component>
      <object_component id="oc-62a">
         <name>.text:EUSCI_A_SPI_transmitData</name>
         <load_address>0x1c3da</load_address>
         <run_address>0x1c3da</run_address>
         <size>0x4</size>
         <input_file_ref idref="fl-34"/>
      </object_component>
      <object_component id="oc-624">
         <name>.text:EUSCI_B_SPI_transmitData</name>
         <load_address>0x1c3de</load_address>
         <run_address>0x1c3de</run_address>
         <size>0x4</size>
         <input_file_ref idref="fl-34"/>
      </object_component>
      <object_component id="oc-164">
         <name>.text:I2C_setSlaveAddress</name>
         <load_address>0x1c3e2</load_address>
         <run_address>0x1c3e2</run_address>
         <size>0x4</size>
         <input_file_ref idref="fl-30"/>
      </object_component>
      <object_component id="oc-a1">
         <name>.text:_system_pre_init</name>
         <load_address>0x1c3e6</load_address>
         <run_address>0x1c3e6</run_address>
         <size>0x4</size>
         <input_file_ref idref="fl-107"/>
      </object_component>
      <object_component id="oc-1ef">
         <name>.text:abort:abort</name>
         <load_address>0x1c3ea</load_address>
         <run_address>0x1c3ea</run_address>
         <size>0x4</size>
         <input_file_ref idref="fl-109"/>
      </object_component>
      <object_component id="oc-632">
         <name>.const:AsciiLib</name>
         <load_address>0x1c3f0</load_address>
         <run_address>0x1c3f0</run_address>
         <size>0x5f0</size>
         <input_file_ref idref="fl-7"/>
      </object_component>
      <object_component id="oc-861">
         <name>.const:.string:_ctypes_</name>
         <load_address>0x1c9e0</load_address>
         <run_address>0x1c9e0</run_address>
         <size>0x101</size>
         <input_file_ref idref="fl-10d"/>
      </object_component>
      <object_component id="oc-59b">
         <name>.const:.string:INVALID_OFFSET</name>
         <load_address>0x1cae1</load_address>
         <run_address>0x1cae1</run_address>
         <size>0x3</size>
         <input_file_ref idref="fl-10"/>
      </object_component>
      <object_component id="oc-6b1">
         <name>.const:$P$T0$1</name>
         <load_address>0x1cae4</load_address>
         <run_address>0x1cae4</run_address>
         <size>0xb0</size>
         <input_file_ref idref="fl-21"/>
      </object_component>
      <object_component id="oc-2a7">
         <name>.const:g_pulRegs</name>
         <load_address>0x1cb94</load_address>
         <run_address>0x1cb94</run_address>
         <size>0x50</size>
         <input_file_ref idref="fl-31"/>
      </object_component>
      <object_component id="oc-29d">
         <name>.const</name>
         <load_address>0x1cbe4</load_address>
         <run_address>0x1cbe4</run_address>
         <size>0x40</size>
         <input_file_ref idref="fl-31"/>
      </object_component>
      <object_component id="oc-7db">
         <name>.const:_SlActionLookupTable</name>
         <load_address>0x1cc24</load_address>
         <run_address>0x1cc24</run_address>
         <size>0x38</size>
         <input_file_ref idref="fl-19"/>
      </object_component>
      <object_component id="oc-4e7">
         <name>.const:$P$T0$1</name>
         <load_address>0x1cc5c</load_address>
         <run_address>0x1cc5c</run_address>
         <size>0x2c</size>
         <input_file_ref idref="fl-17"/>
      </object_component>
      <object_component id="oc-413">
         <name>.const:backChannelUart115200Config</name>
         <load_address>0x1cc88</load_address>
         <run_address>0x1cc88</run_address>
         <size>0x24</size>
         <input_file_ref idref="fl-9"/>
      </object_component>
      <object_component id="oc-346">
         <name>.const:spiMasterConfig</name>
         <load_address>0x1ccac</load_address>
         <run_address>0x1ccac</run_address>
         <size>0x1c</size>
         <input_file_ref idref="fl-3"/>
      </object_component>
      <object_component id="oc-4ea">
         <name>.const:$P$T1$2</name>
         <load_address>0x1ccc8</load_address>
         <run_address>0x1ccc8</run_address>
         <size>0x14</size>
         <input_file_ref idref="fl-17"/>
      </object_component>
      <object_component id="oc-4ed">
         <name>.const:$P$T2$3</name>
         <load_address>0x1ccdc</load_address>
         <run_address>0x1ccdc</run_address>
         <size>0xc</size>
         <input_file_ref idref="fl-17"/>
      </object_component>
      <object_component id="oc-59e">
         <name>.const:yas532_version_ac_coef</name>
         <load_address>0x1cce8</load_address>
         <run_address>0x1cce8</run_address>
         <size>0xc</size>
         <input_file_ref idref="fl-10"/>
      </object_component>
      <object_component id="oc-7d5">
         <name>.const:g_H2NCnysPattern</name>
         <load_address>0x1ccf4</load_address>
         <run_address>0x1ccf4</run_address>
         <size>0x8</size>
         <input_file_ref idref="fl-19"/>
      </object_component>
      <object_component id="oc-7d2">
         <name>.const:g_H2NSyncPattern</name>
         <load_address>0x1ccfc</load_address>
         <run_address>0x1ccfc</run_address>
         <size>0x8</size>
         <input_file_ref idref="fl-19"/>
      </object_component>
      <object_component id="oc-5a2">
         <name>.const:v_calib_data$2</name>
         <load_address>0x1cd04</load_address>
         <run_address>0x1cd04</run_address>
         <size>0x8</size>
         <input_file_ref idref="fl-10"/>
      </object_component>
      <object_component id="oc-3f7">
         <name>.const:.string:$P$T0$1</name>
         <load_address>0x1cd0c</load_address>
         <run_address>0x1cd0c</run_address>
         <size>0x5</size>
         <input_file_ref idref="fl-f"/>
      </object_component>
      <object_component id="oc-5a1">
         <name>.const:.string:v_correct_u8$1</name>
         <load_address>0x1cd11</load_address>
         <run_address>0x1cd11</run_address>
         <size>0x5</size>
         <input_file_ref idref="fl-10"/>
      </object_component>
      <object_component id="oc-7d8">
         <name>.const:$P$T0$1</name>
         <load_address>0x1cd16</load_address>
         <run_address>0x1cd16</run_address>
         <size>0x4</size>
         <input_file_ref idref="fl-19"/>
      </object_component>
      <object_component id="oc-707">
         <name>.const:$P$T0$1</name>
         <load_address>0x1cd1a</load_address>
         <run_address>0x1cd1a</run_address>
         <size>0x4</size>
         <input_file_ref idref="fl-1c"/>
      </object_component>
      <object_component id="oc-650">
         <name>.const:$P$T0$1</name>
         <load_address>0x1cd1e</load_address>
         <run_address>0x1cd1e</run_address>
         <size>0x4</size>
         <input_file_ref idref="fl-1f"/>
      </object_component>
      <object_component id="oc-653">
         <name>.const:$P$T1$2</name>
         <load_address>0x1cd22</load_address>
         <run_address>0x1cd22</run_address>
         <size>0x4</size>
         <input_file_ref idref="fl-1f"/>
      </object_component>
      <object_component id="oc-6b4">
         <name>.const:$P$T1$2</name>
         <load_address>0x1cd26</load_address>
         <run_address>0x1cd26</run_address>
         <size>0x4</size>
         <input_file_ref idref="fl-21"/>
      </object_component>
      <object_component id="oc-659">
         <name>.const:$P$T2$3</name>
         <load_address>0x1cd2a</load_address>
         <run_address>0x1cd2a</run_address>
         <size>0x4</size>
         <input_file_ref idref="fl-1f"/>
      </object_component>
      <object_component id="oc-6bd">
         <name>.const:$P$T2$3</name>
         <load_address>0x1cd2e</load_address>
         <run_address>0x1cd2e</run_address>
         <size>0x4</size>
         <input_file_ref idref="fl-21"/>
      </object_component>
      <object_component id="oc-6d2">
         <name>.const:$P$T3$4</name>
         <load_address>0x1cd32</load_address>
         <run_address>0x1cd32</run_address>
         <size>0x4</size>
         <input_file_ref idref="fl-21"/>
      </object_component>
      <object_component id="oc-665">
         <name>.const:_SlAcceptCmdCtrl</name>
         <load_address>0x1cd36</load_address>
         <run_address>0x1cd36</run_address>
         <size>0x4</size>
         <input_file_ref idref="fl-1f"/>
      </object_component>
      <object_component id="oc-69b">
         <name>.const:_SlDeviceGetCmdCtrl</name>
         <load_address>0x1cd3a</load_address>
         <run_address>0x1cd3a</run_address>
         <size>0x4</size>
         <input_file_ref idref="fl-18"/>
      </object_component>
      <object_component id="oc-69e">
         <name>.const:_SlDeviceSetCmdCtrl</name>
         <load_address>0x1cd3e</load_address>
         <run_address>0x1cd3e</run_address>
         <size>0x4</size>
         <input_file_ref idref="fl-18"/>
      </object_component>
      <object_component id="oc-698">
         <name>.const:_SlEventMaskGetCmdCtrl</name>
         <load_address>0x1cd42</load_address>
         <run_address>0x1cd42</run_address>
         <size>0x4</size>
         <input_file_ref idref="fl-18"/>
      </object_component>
      <object_component id="oc-695">
         <name>.const:_SlEventMaskSetCmdCtrl</name>
         <load_address>0x1cd46</load_address>
         <run_address>0x1cd46</run_address>
         <size>0x4</size>
         <input_file_ref idref="fl-18"/>
      </object_component>
      <object_component id="oc-704">
         <name>.const:_SlGetHostByNameCtrl</name>
         <load_address>0x1cd4a</load_address>
         <run_address>0x1cd4a</run_address>
         <size>0x4</size>
         <input_file_ref idref="fl-1c"/>
      </object_component>
      <object_component id="oc-701">
         <name>.const:_SlGetHostByServiceCtrl</name>
         <load_address>0x1cd4e</load_address>
         <run_address>0x1cd4e</run_address>
         <size>0x4</size>
         <input_file_ref idref="fl-1c"/>
      </object_component>
      <object_component id="oc-6fb">
         <name>.const:_SlGetServiceListeCtrl</name>
         <load_address>0x1cd52</load_address>
         <run_address>0x1cd52</run_address>
         <size>0x4</size>
         <input_file_ref idref="fl-1c"/>
      </object_component>
      <object_component id="oc-66e">
         <name>.const:_SlGetSockOptCmdCtrl</name>
         <load_address>0x1cd56</load_address>
         <run_address>0x1cd56</run_address>
         <size>0x4</size>
         <input_file_ref idref="fl-1f"/>
      </object_component>
      <object_component id="oc-662">
         <name>.const:_SlListenCmdCtrl</name>
         <load_address>0x1cd5a</load_address>
         <run_address>0x1cd5a</run_address>
         <size>0x4</size>
         <input_file_ref idref="fl-1f"/>
      </object_component>
      <object_component id="oc-710">
         <name>.const:_SlNetAppGetCmdCtrl</name>
         <load_address>0x1cd5e</load_address>
         <run_address>0x1cd5e</run_address>
         <size>0x4</size>
         <input_file_ref idref="fl-1c"/>
      </object_component>
      <object_component id="oc-70d">
         <name>.const:_SlNetAppSendTokenValueCmdCtrl</name>
         <load_address>0x1cd62</load_address>
         <run_address>0x1cd62</run_address>
         <size>0x4</size>
         <input_file_ref idref="fl-1c"/>
      </object_component>
      <object_component id="oc-70a">
         <name>.const:_SlNetAppSetCmdCtrl</name>
         <load_address>0x1cd66</load_address>
         <run_address>0x1cd66</run_address>
         <size>0x4</size>
         <input_file_ref idref="fl-1c"/>
      </object_component>
      <object_component id="oc-6f5">
         <name>.const:_SlNetAppStartCtrl</name>
         <load_address>0x1cd6a</load_address>
         <run_address>0x1cd6a</run_address>
         <size>0x4</size>
         <input_file_ref idref="fl-1c"/>
      </object_component>
      <object_component id="oc-6f8">
         <name>.const:_SlNetAppStopCtrl</name>
         <load_address>0x1cd6e</load_address>
         <run_address>0x1cd6e</run_address>
         <size>0x4</size>
         <input_file_ref idref="fl-1c"/>
      </object_component>
      <object_component id="oc-6eb">
         <name>.const:_SlNetCfgGetCmdCtrl</name>
         <load_address>0x1cd72</load_address>
         <run_address>0x1cd72</run_address>
         <size>0x4</size>
         <input_file_ref idref="fl-1d"/>
      </object_component>
      <object_component id="oc-6e8">
         <name>.const:_SlNetCfgSetCmdCtrl</name>
         <load_address>0x1cd76</load_address>
         <run_address>0x1cd76</run_address>
         <size>0x4</size>
         <input_file_ref idref="fl-1d"/>
      </object_component>
      <object_component id="oc-6ba">
         <name>.const:_SlPolicyGetCmdCtrl</name>
         <load_address>0x1cd7a</load_address>
         <run_address>0x1cd7a</run_address>
         <size>0x4</size>
         <input_file_ref idref="fl-21"/>
      </object_component>
      <object_component id="oc-6b7">
         <name>.const:_SlPolicySetCmdCtrl</name>
         <load_address>0x1cd7e</load_address>
         <run_address>0x1cd7e</run_address>
         <size>0x4</size>
         <input_file_ref idref="fl-21"/>
      </object_component>
      <object_component id="oc-6c3">
         <name>.const:_SlProfileDelCmdCtrl</name>
         <load_address>0x1cd82</load_address>
         <run_address>0x1cd82</run_address>
         <size>0x4</size>
         <input_file_ref idref="fl-21"/>
      </object_component>
      <object_component id="oc-6c0">
         <name>.const:_SlProfileGetCmdCtrl</name>
         <load_address>0x1cd86</load_address>
         <run_address>0x1cd86</run_address>
         <size>0x4</size>
         <input_file_ref idref="fl-21"/>
      </object_component>
      <object_component id="oc-668">
         <name>.const:_SlRecvCmdCtrl</name>
         <load_address>0x1cd8a</load_address>
         <run_address>0x1cd8a</run_address>
         <size>0x4</size>
         <input_file_ref idref="fl-1f"/>
      </object_component>
      <object_component id="oc-656">
         <name>.const:_SlRecvfomCmdCtrl</name>
         <load_address>0x1cd8e</load_address>
         <run_address>0x1cd8e</run_address>
         <size>0x4</size>
         <input_file_ref idref="fl-1f"/>
      </object_component>
      <object_component id="oc-6fe">
         <name>.const:_SlRegisterServiceCtrl</name>
         <load_address>0x1cd92</load_address>
         <run_address>0x1cd92</run_address>
         <size>0x4</size>
         <input_file_ref idref="fl-1c"/>
      </object_component>
      <object_component id="oc-6c9">
         <name>.const:_SlRxFilterAddtCmdCtrl</name>
         <load_address>0x1cd96</load_address>
         <run_address>0x1cd96</run_address>
         <size>0x4</size>
         <input_file_ref idref="fl-21"/>
      </object_component>
      <object_component id="oc-6cf">
         <name>.const:_SlRxFilterGetCmdCtrl</name>
         <load_address>0x1cd9a</load_address>
         <run_address>0x1cd9a</run_address>
         <size>0x4</size>
         <input_file_ref idref="fl-21"/>
      </object_component>
      <object_component id="oc-6cc">
         <name>.const:_SlRxFilterSetCmdCtrl</name>
         <load_address>0x1cd9e</load_address>
         <run_address>0x1cd9e</run_address>
         <size>0x4</size>
         <input_file_ref idref="fl-21"/>
      </object_component>
      <object_component id="oc-671">
         <name>.const:_SlSelectCmdCtrl</name>
         <load_address>0x1cda2</load_address>
         <run_address>0x1cda2</run_address>
         <size>0x4</size>
         <input_file_ref idref="fl-1f"/>
      </object_component>
      <object_component id="oc-65f">
         <name>.const:_SlSendCmdCtrl</name>
         <load_address>0x1cda6</load_address>
         <run_address>0x1cda6</run_address>
         <size>0x4</size>
         <input_file_ref idref="fl-1f"/>
      </object_component>
      <object_component id="oc-66b">
         <name>.const:_SlSetSockOptCmdCtrl</name>
         <load_address>0x1cdaa</load_address>
         <run_address>0x1cdaa</run_address>
         <size>0x4</size>
         <input_file_ref idref="fl-1f"/>
      </object_component>
      <object_component id="oc-6d5">
         <name>.const:_SlSmartConfigStartCmdCtrl</name>
         <load_address>0x1cdae</load_address>
         <run_address>0x1cdae</run_address>
         <size>0x4</size>
[...]
         <object_component_ref idref="oc-43a"/>
      </symbol>
      <symbol id="sm-1b3a">
         <name>PCM_gotoLPM4</name>
         <value>0x1c28d</value>
         <object_component_ref idref="oc-446"/>
      </symbol>
      <symbol id="sm-1b3b">
         <name>PCM_gotoLPM3</name>
         <value>0x1b275</value>
         <object_component_ref idref="oc-440"/>
      </symbol>
      <symbol id="sm-1b3c">
         <name>PCM_gotoLPM0</name>
         <value>0x1becd</value>
         <object_component_ref idref="oc-458"/>
      </symbol>
      <symbol id="sm-1b3d">
         <name>PCM_setPowerMode</name>
         <value>0x1c395</value>
         <object_component_ref idref="oc-55c"/>
      </symbol>
      <symbol id="sm-1b4a">
         <name>RTC_C_holdClock</name>
         <value>0x1bff9</value>
         <object_component_ref idref="oc-5ff"/>
      </symbol>
      <symbol id="sm-1bc3">
         <name>EUSCI_B_SPI_isBusy</name>
         <value>0x1c081</value>
         <object_component_ref idref="oc-49f"/>
      </symbol>
      <symbol id="sm-1bc4">
         <name>EUSCI_B_SPI_receiveData</name>
         <value>0x1c3b9</value>
         <object_component_ref idref="oc-63d"/>
      </symbol>
      <symbol id="sm-1bc5">
         <name>EUSCI_B_SPI_enable</name>
         <value>0x1c31b</value>
         <object_component_ref idref="oc-483"/>
      </symbol>
      <symbol id="sm-1bc6">
         <name>SPI_enableModule</name>
         <value>0x1c0d5</value>
         <object_component_ref idref="oc-30a"/>
      </symbol>
      <symbol id="sm-1bc7">
         <name>EUSCI_A_SPI_receiveData</name>
         <value>0x1c3b3</value>
         <object_component_ref idref="oc-637"/>
      </symbol>
      <symbol id="sm-1bc8">
         <name>EUSCI_A_SPI_transmitData</name>
         <value>0x1c3db</value>
         <object_component_ref idref="oc-62a"/>
      </symbol>
      <symbol id="sm-1bc9">
         <name>EUSCI_B_SPI_transmitData</name>
         <value>0x1c3df</value>
         <object_component_ref idref="oc-624"/>
      </symbol>
      <symbol id="sm-1bca">
         <name>SPI_transmitData</name>
         <value>0x1c061</value>
         <object_component_ref idref="oc-499"/>
      </symbol>
      <symbol id="sm-1bcb">
         <name>EUSCI_A_SPI_enable</name>
         <value>0x1c30f</value>
         <object_component_ref idref="oc-489"/>
      </symbol>
      <symbol id="sm-1bcc">
         <name>SPI_receiveData</name>
         <value>0x1c0ef</value>
         <object_component_ref idref="oc-4ad"/>
      </symbol>
      <symbol id="sm-1bcd">
         <name>SPI_initMaster</name>
         <value>0x1af59</value>
         <object_component_ref idref="oc-304"/>
      </symbol>
      <symbol id="sm-1c00">
         <name>SysCtl_getNMISourceStatus</name>
         <value>0x1c34d</value>
         <object_component_ref idref="oc-563"/>
      </symbol>
      <symbol id="sm-1c01">
         <name>SysCtl_enableNMISource</name>
         <value>0x1c2ad</value>
         <object_component_ref idref="oc-575"/>
      </symbol>
      <symbol id="sm-1c02">
         <name>SysCtl_disableNMISource</name>
         <value>0x1c29d</value>
         <object_component_ref idref="oc-569"/>
      </symbol>
      <symbol id="sm-1c03">
         <name>SysCtl_getTLVInfo</name>
         <value>0x1b7f9</value>
         <object_component_ref idref="oc-612"/>
      </symbol>
      <symbol id="sm-1c0f">
         <name>SysTick_enableInterrupt</name>
         <value>0x1c221</value>
         <object_component_ref idref="oc-cc"/>
      </symbol>
      <symbol id="sm-1c3e">
         <name>UART_enableModule</name>
         <value>0x1c359</value>
         <object_component_ref idref="oc-407"/>
      </symbol>
      <symbol id="sm-1c3f">
         <name>UART_transmitData</name>
         <value>0x1c01d</value>
         <object_component_ref idref="oc-3fb"/>
      </symbol>
      <symbol id="sm-1c40">
         <name>UART_initModule</name>
         <value>0x1aec5</value>
         <object_component_ref idref="oc-401"/>
      </symbol>
      <symbol id="sm-1c56">
         <name>WDT_A_clearTimer</name>
         <value>0x1c155</value>
         <object_component_ref idref="oc-258"/>
      </symbol>
      <symbol id="sm-1c57">
         <name>WDT_A_holdTimer</name>
         <value>0x1c16d</value>
         <object_component_ref idref="oc-25e"/>
      </symbol>
      <symbol id="sm-1c69">
         <name>CPU_wfi</name>
         <value>0x1c3d7</value>
         <object_component_ref idref="oc-5f8"/>
      </symbol>
      <symbol id="sm-1c6a">
         <name>CPU_cpsie</name>
         <value>0x1c303</value>
         <object_component_ref idref="oc-2ab"/>
      </symbol>
      <symbol id="sm-1c99">
         <name>snprintf</name>
         <value>0x1b979</value>
         <object_component_ref idref="oc-40d"/>
      </symbol>
      <symbol id="sm-1cbb">
         <name>sprintf</name>
         <value>0x1bb61</value>
         <object_component_ref idref="oc-365"/>
      </symbol>
      <symbol id="sm-1cc9">
         <name>__aeabi_ldivmod</name>
         <value>0x1b44b</value>
         <object_component_ref idref="oc-5b6"/>
      </symbol>
      <symbol id="sm-1cd6">
         <name>__aeabi_uldivmod</name>
         <value>0x1ae2d</value>
         <object_component_ref idref="oc-7aa"/>
      </symbol>
      <symbol id="sm-1ce5">
         <name>__aeabi_memset</name>
         <value>0x1b2f3</value>
         <object_component_ref idref="oc-9b"/>
      </symbol>
      <symbol id="sm-1ce6">
         <name>memset</name>
         <value>0x1b2f9</value>
         <object_component_ref idref="oc-9b"/>
      </symbol>
      <symbol id="sm-1ce7">
         <name>__aeabi_memset8</name>
         <value>0x1b2f3</value>
         <object_component_ref idref="oc-9b"/>
      </symbol>
      <symbol id="sm-1ce8">
         <name>__aeabi_memset4</name>
         <value>0x1b2f3</value>
         <object_component_ref idref="oc-9b"/>
      </symbol>
      <symbol id="sm-1ce9">
         <name>__aeabi_memclr8</name>
         <value>0x1b2f1</value>
         <object_component_ref idref="oc-9b"/>
      </symbol>
      <symbol id="sm-1cea">
         <name>__aeabi_memclr4</name>
         <value>0x1b2f1</value>
         <object_component_ref idref="oc-9b"/>
      </symbol>
      <symbol id="sm-1ceb">
         <name>__aeabi_memclr</name>
         <value>0x1b2f1</value>
         <object_component_ref idref="oc-9b"/>
      </symbol>
      <symbol id="sm-1cf4">
         <name>__aeabi_lmul</name>
         <value>0x1c1b5</value>
         <object_component_ref idref="oc-5b1"/>
      </symbol>
      <symbol id="sm-1d0f">
         <name>memcpy</name>
         <value>0x1ad91</value>
         <object_component_ref idref="oc-34"/>
      </symbol>
      <symbol id="sm-1d10">
         <name>__aeabi_memcpy</name>
         <value>0x1ad91</value>
         <object_component_ref idref="oc-34"/>
      </symbol>
      <symbol id="sm-1d11">
         <name>__aeabi_memcpy8</name>
         <value>0x1ad91</value>
         <object_component_ref idref="oc-34"/>
      </symbol>
      <symbol id="sm-1d12">
         <name>__aeabi_memcpy4</name>
         <value>0x1ad91</value>
         <object_component_ref idref="oc-34"/>
      </symbol>
      <symbol id="sm-1d24">
         <name>__TI_zero_init</name>
         <value>0x1c365</value>
         <object_component_ref idref="oc-46"/>
      </symbol>
      <symbol id="sm-1d3b">
         <name>__TI_decompress_none</name>
         <value>0x1c2e7</value>
         <object_component_ref idref="oc-1a"/>
      </symbol>
      <symbol id="sm-1d5e">
         <name>__TI_decompress_lzss</name>
         <value>0x1b4b9</value>
         <object_component_ref idref="oc-14"/>
      </symbol>
      <symbol id="sm-1d74">
         <name>rand</name>
         <value>0x1bd2d</value>
         <object_component_ref idref="oc-36e"/>
      </symbol>
      <symbol id="sm-1d82">
         <name>strlen</name>
         <value>0x1c235</value>
         <object_component_ref idref="oc-4e1"/>
      </symbol>
      <symbol id="sm-1d95">
         <name>__stack</name>
         <value>0x2000fe00</value>
         <object_component_ref idref="oc-26"/>
      </symbol>
      <symbol id="sm-1d96">
         <name>_c_int00_noargs</name>
         <value>0x1bcf9</value>
         <object_component_ref idref="oc-52"/>
      </symbol>
      <symbol id="sm-1efb">
         <name>__TI_printfi</name>
         <value>0x1586d</value>
         <object_component_ref idref="oc-509"/>
      </symbol>
      <symbol id="sm-1f1b">
         <name>frexpl</name>
         <value>0x1b5e9</value>
         <object_component_ref idref="oc-8a7"/>
      </symbol>
      <symbol id="sm-1f1c">
         <name>frexp</name>
         <value>0x1b5e9</value>
         <object_component_ref idref="oc-8a7"/>
      </symbol>
      <symbol id="sm-1f39">
         <name>scalbn</name>
         <value>0x1a3e5</value>
         <object_component_ref idref="oc-8ad"/>
      </symbol>
      <symbol id="sm-1f3a">
         <name>scalbnl</name>
         <value>0x1a3e5</value>
         <object_component_ref idref="oc-8ad"/>
      </symbol>
      <symbol id="sm-1f3b">
         <name>ldexpl</name>
         <value>0x1a3e5</value>
         <object_component_ref idref="oc-8ad"/>
      </symbol>
      <symbol id="sm-1f3c">
         <name>ldexp</name>
         <value>0x1a3e5</value>
         <object_component_ref idref="oc-8ad"/>
      </symbol>
      <symbol id="sm-1f46">
         <name>__aeabi_idiv0</name>
         <value>0x19947</value>
         <object_component_ref idref="oc-7a5"/>
      </symbol>
      <symbol id="sm-1f47">
         <name>__aeabi_ldiv0</name>
         <value>0x19947</value>
         <object_component_ref idref="oc-7a5"/>
      </symbol>
      <symbol id="sm-1f5e">
         <name>__aeabi_dsub</name>
         <value>0x19791</value>
         <object_component_ref idref="oc-887"/>
      </symbol>
      <symbol id="sm-1f5f">
         <name>__aeabi_dadd</name>
         <value>0x1979b</value>
         <object_component_ref idref="oc-887"/>
      </symbol>
      <symbol id="sm-1f81">
         <name>__aeabi_cdcmpeq</name>
         <value>0x1afe1</value>
         <object_component_ref idref="oc-737"/>
      </symbol>
      <symbol id="sm-1f82">
         <name>__aeabi_cdcmple</name>
         <value>0x1afe1</value>
         <object_component_ref idref="oc-737"/>
      </symbol>
      <symbol id="sm-1f83">
         <name>__aeabi_cdrcmple</name>
         <value>0x1b067</value>
         <object_component_ref idref="oc-872"/>
      </symbol>
      <symbol id="sm-1f97">
         <name>__aeabi_ddiv</name>
         <value>0x19f49</value>
         <object_component_ref idref="oc-86d"/>
      </symbol>
      <symbol id="sm-1fa2">
         <name>__aeabi_dmul</name>
         <value>0x1a6f7</value>
         <object_component_ref idref="oc-868"/>
      </symbol>
      <symbol id="sm-1fac">
         <name>__aeabi_d2iz</name>
         <value>0x1ba55</value>
         <object_component_ref idref="oc-877"/>
      </symbol>
      <symbol id="sm-1fb6">
         <name>__aeabi_i2d</name>
         <value>0x1be21</value>
         <object_component_ref idref="oc-882"/>
      </symbol>
      <symbol id="sm-1fde">
         <name>__TI_auto_init_nobinit_nopinit</name>
         <value>0x1ba9d</value>
         <object_component_ref idref="oc-1fb"/>
      </symbol>
      <symbol id="sm-1fe8">
         <name>_system_pre_init</name>
         <value>0x1c3e7</value>
         <object_component_ref idref="oc-a1"/>
      </symbol>
      <symbol id="sm-1ff4">
         <name>C$$EXIT</name>
         <value>0x1c3eb</value>
         <object_component_ref idref="oc-1ef"/>
      </symbol>
      <symbol id="sm-1ff5">
         <name>abort</name>
         <value>0x1c3eb</value>
         <object_component_ref idref="oc-1ef"/>
      </symbol>
      <symbol id="sm-200a">
         <name>_nop</name>
         <value>0x162bb</value>
         <object_component_ref idref="oc-531"/>
      </symbol>
      <symbol id="sm-200b">
         <name>_lock</name>
         <value>0x2000f410</value>
         <object_component_ref idref="oc-395"/>
      </symbol>
      <symbol id="sm-200c">
         <name>_unlock</name>
         <value>0x2000f414</value>
         <object_component_ref idref="oc-395"/>
      </symbol>
      <symbol id="sm-2023">
         <name>atoi</name>
         <value>0x1b92d</value>
         <object_component_ref idref="oc-72b"/>
      </symbol>
      <symbol id="sm-202e">
         <name>_ctypes_</name>
         <value>0x1c9e0</value>
         <object_component_ref idref="oc-861"/>
      </symbol>
      <symbol id="sm-203d">
         <name>ltoa</name>
         <value>0x1b703</value>
         <object_component_ref idref="oc-87c"/>
      </symbol>
      <symbol id="sm-204d">
         <name>memccpy</name>
         <value>0x1c0b9</value>
         <object_component_ref idref="oc-754"/>
      </symbol>
      <symbol id="sm-205d">
         <name>strchr</name>
         <value>0x1c1cd</value>
         <object_component_ref idref="oc-8b3"/>
      </symbol>
      <symbol id="sm-2073">
         <name>__aeabi_errno_addr</name>
         <value>0x1c3a5</value>
         <object_component_ref idref="oc-760"/>
      </symbol>
      <symbol id="sm-2074">
         <name>errno</name>
         <value>0x2000f424</value>
         <object_component_ref idref="oc-8c3"/>
      </symbol>
      <symbol id="sm-208d">
         <name>wcslen</name>
         <value>0x1c249</value>
         <object_component_ref idref="oc-75a"/>
      </symbol>
      <symbol id="sm-2097">
         <name>copysign</name>
         <value>0x1c109</value>
         <object_component_ref idref="oc-8fd"/>
      </symbol>
      <symbol id="sm-2098">
         <name>copysignl</name>
         <value>0x1c109</value>
         <object_component_ref idref="oc-8fd"/>
      </symbol>
      <symbol id="sm-2099">
         <name>__TI_static_base__</name>
         <value>0x0</value>
      </symbol>
      <symbol id="sm-209c">
         <name>__mpu_init</name>
         <value>0x0</value>
      </symbol>
      <symbol id="sm-209d">
         <name>_system_post_cinit</name>
         <value>0x0</value>
      </symbol>
      <symbol id="sm-209e">
         <name>NMI_Handler</name>
         <value>0x1c301</value>
      </symbol>
      <symbol id="sm-209f">
         <name>HardFault_Handler</name>
         <value>0x1c301</value>
      </symbol>
      <symbol id="sm-20a0">
         <name>MemManage_Handler</name>
         <value>0x1c301</value>
      </symbol>
      <symbol id="sm-20a1">
         <name>BusFault_Handler</name>
         <value>0x1c301</value>
      </symbol>
      <symbol id="sm-20a2">
         <name>UsageFault_Handler</name>
         <value>0x1c301</value>
      </symbol>
      <symbol id="sm-20a3">
         <name>SVC_Handler</name>
         <value>0x1c301</value>
      </symbol>
      <symbol id="sm-20a4">
         <name>DebugMon_Handler</name>
         <value>0x1c301</value>
      </symbol>
      <symbol id="sm-20a5">
         <name>PendSV_Handler</name>
         <value>0x1b86d</value>
      </symbol>
      <symbol id="sm-20a6">
         <name>SysTick_Handler</name>
         <value>0x1641d</value>
      </symbol>
      <symbol id="sm-20a7">
         <name>PSS_IRQHandler</name>
         <value>0x1c301</value>
      </symbol>
      <symbol id="sm-20a8">
         <name>CS_IRQHandler</name>
         <value>0x1c301</value>
      </symbol>
      <symbol id="sm-20a9">
         <name>PCM_IRQHandler</name>
         <value>0x1c301</value>
      </symbol>
      <symbol id="sm-20aa">
         <name>WDT_A_IRQHandler</name>
         <value>0x1c301</value>
      </symbol>
      <symbol id="sm-20ab">
         <name>FPU_IRQHandler</name>
         <value>0x1c301</value>
      </symbol>
      <symbol id="sm-20ac">
         <name>FLCTL_IRQHandler</name>
         <value>0x1c301</value>
      </symbol>
      <symbol id="sm-20ad">
         <name>COMP_E0_IRQHandler</name>
         <value>0x1c301</value>
      </symbol>
      <symbol id="sm-20ae">
         <name>COMP_E1_IRQHandler</name>
         <value>0x1c301</value>
      </symbol>
      <symbol id="sm-20af">
         <name>TA0_0_IRQHandler</name>
         <value>0x1c301</value>
      </symbol>
      <symbol id="sm-20b0">
         <name>TA0_N_IRQHandler</name>
         <value>0x1c301</value>
      </symbol>
      <symbol id="sm-20b1">
         <name>TA1_0_IRQHandler</name>
         <value>0x1c301</value>
      </symbol>
      <symbol id="sm-20b2">
         <name>TA1_N_IRQHandler</name>
         <value>0x1c301</value>
      </symbol>
      <symbol id="sm-20b3">
         <name>TA2_0_IRQHandler</name>
         <value>0x1c301</value>
      </symbol>
      <symbol id="sm-20b4">
         <name>TA2_N_IRQHandler</name>
         <value>0x1c301</value>
      </symbol>
      <symbol id="sm-20b5">
         <name>TA3_0_IRQHandler</name>
         <value>0x1c301</value>
      </symbol>
      <symbol id="sm-20b6">
         <name>TA3_N_IRQHandler</name>
         <value>0x1c301</value>
      </symbol>
      <symbol id="sm-20b7">
         <name>EUSCIA0_IRQHandler</name>
         <value>0x185b1</value>
      </symbol>
      <symbol id="sm-20b8">
         <name>EUSCIA1_IRQHandler</name>
         <value>0x1c301</value>
      </symbol>
      <symbol id="sm-20b9">
         <name>EUSCIA2_IRQHandler</name>
         <value>0x1c301</value>
      </symbol>
      <symbol id="sm-20ba">
         <name>EUSCIA3_IRQHandler</name>
         <value>0x1c301</value>
      </symbol>
      <symbol id="sm-20bb">
         <name>EUSCIB0_IRQHandler</name>
         <value>0x1c301</value>
      </symbol>
      <symbol id="sm-20bc">
         <name>EUSCIB1_IRQHandler</name>
         <value>0x181e9</value>
      </symbol>
      <symbol id="sm-20bd">
         <name>EUSCIB2_IRQHandler</name>
         <value>0x1c301</value>
      </symbol>
      <symbol id="sm-20be">
         <name>EUSCIB3_IRQHandler</name>
         <value>0x1c301</value>
      </symbol>
      <symbol id="sm-20bf">
         <name>ADC14_IRQHandler</name>
         <value>0x1c301</value>
      </symbol>
      <symbol id="sm-20c0">
         <name>T32_INT1_IRQHandler</name>
         <value>0x1c301</value>
      </symbol>
      <symbol id="sm-20c1">
         <name>T32_INT2_IRQHandler</name>
         <value>0x1c301</value>
      </symbol>
      <symbol id="sm-20c2">
         <name>T32_INTC_IRQHandler</name>
         <value>0x1c301</value>
      </symbol>
      <symbol id="sm-20c3">
         <name>AES256_IRQHandler</name>
         <value>0x1c301</value>
      </symbol>
      <symbol id="sm-20c4">
         <name>RTC_C_IRQHandler</name>
         <value>0x1c301</value>
      </symbol>
      <symbol id="sm-20c5">
         <name>DMA_ERR_IRQHandler</name>
         <value>0x1c301</value>
      </symbol>
      <symbol id="sm-20c6">
         <name>DMA_INT3_IRQHandler</name>
         <value>0x1c301</value>
      </symbol>
      <symbol id="sm-20c7">
         <name>DMA_INT2_IRQHandler</name>
         <value>0x1c301</value>
      </symbol>
      <symbol id="sm-20c8">
         <name>DMA_INT1_IRQHandler</name>
         <value>0x1c301</value>
      </symbol>
      <symbol id="sm-20c9">
         <name>DMA_INT0_IRQHandler</name>
         <value>0x1c301</value>
      </symbol>
      <symbol id="sm-20ca">
         <name>PORT1_IRQHandler</name>
         <value>0x18561</value>
      </symbol>
      <symbol id="sm-20cb">
         <name>PORT2_IRQHandler</name>
         <value>0x1858b</value>
      </symbol>
      <symbol id="sm-20cc">
         <name>PORT3_IRQHandler</name>
         <value>0x1c301</value>
      </symbol>
      <symbol id="sm-20cd">
         <name>PORT4_IRQHandler</name>
         <value>0x1c301</value>
      </symbol>
      <symbol id="sm-20ce">
         <name>PORT5_IRQHandler</name>
         <value>0x1c301</value>
      </symbol>
      <symbol id="sm-20cf">
         <name>PORT6_IRQHandler</name>
         <value>0x1c301</value>
      </symbol>
   </symbol_table>
   <title>Link successful</title>
</link_info>
