******************************************************************************
                  TI ARM Linker PC v18.12.2                    
******************************************************************************
>> Linked Sun Apr 19 18:45:36 2020

OUTPUT FILE NAME:   <lab5.out>
ENTRY POINT SYMBOL: "_c_int00_noargs"  address: 0001bcf9


MEMORY CONFIGURATION

         name            origin    length      used     unused   attr    fill
----------------------  --------  ---------  --------  --------  ----  --------
  MAIN                  00000000   00040000  0001ce44  000231bc  R  X
  INFO                  00200000   00004000  00000000  00004000  R  X
  SRAM_CODE             01000000   00010000  0000f62e  000009d2  RW X
  SRAM_DATA             20000000   00010000  0000f62e  000009d2  RW  


SEGMENT ALLOCATION MAP

run origin  load origin   length   init length attrs members
----------  ----------- ---------- ----------- ----- -------
00000000    00000000    0001ce48   0001ce48    r-x
  00000000    00000000    000000e4   000000e4    r-- .intvecs
  000000e4    000000e4    0001c30a   0001c30a    r-x .text
  0001c3f0    0001c3f0    000009de   000009de    r-- .const
  0001cdd0    0001cdd0    00000078   00000078    r-- .cinit
20000000    20000000    0000f430   00000000    rw-
  20000000    20000000    0000efaa   00000000    rw- .bss
  2000efac    2000efac    00000484   00000000    rw- .data
2000fe00    2000fe00    00000200   00000000    rw-
  2000fe00    2000fe00    00000200   00000000    rw- .stack


SECTION ALLOCATION MAP

 output                                  attributes/
section   page    origin      length       input sections
--------  ----  ----------  ----------   ----------------
.intvecs   0    00000000    000000e4     
                  00000000    000000e4     startup_msp432p401r_ccs.obj (.intvecs:retain)

.text      0    000000e4    0001c30a     
                  000000e4    0000d5e0     bmi160.obj (.text)
                  0000d6c4    00002024     driver.obj (.text)
                  0000f6e8    00001874     Game.obj (.text)
                  00010f5c    00001810     bme280.obj (.text)
                  0001276c    00000ed4     socket.obj (.text)
                  00013640    00000c28     bmi160_support.obj (.text)
                  00014268    00000b44     netapp.obj (.text)
                  00014dac    00000ac0     wlan.obj (.text)
                  0001586c    00000a4e     rtsv7M4_T_le_v4SPD16_eabi.lib : _printfi.c.obj (.text:__TI_printfi)
                  000162ba    00000002                                   : _lock.c.obj (.text:_nop)
                  000162bc    00000a0c     G8RTOS_Scheduler.obj (.text)
                  00016cc8    00000694     cc3100_usage.obj (.text)
                  0001735c    0000063c     LCD_empty.obj (.text)
                  00017998    000005b8     device.obj (.text)
                  00017f50    00000360     i2c_driver.obj (.text)
                  000182b0    00000350     board.obj (.text)
                  00018600    00000334     system_msp432p401r.obj (.text)
                  00018934    000002f8     BackChannelUart.obj (.text)
                  00018c2c    000002e0     bme280_support.obj (.text)
                  00018f0c    00000270     rtsv7M4_T_le_v4SPD16_eabi.lib : _printfi.c.obj (.text:_pconv_a)
                  0001917c    00000234     tmp007.obj (.text)
                  000193b0    00000210     spi_cc3100.obj (.text)
                  000195c0    000001d0     rtsv7M4_T_le_v4SPD16_eabi.lib : _printfi.c.obj (.text:_pconv_g)
                  00019790    000001b6                                   : fd_add_t2.asm.obj (.text)
                  00019946    00000002                                   : div0.asm.obj (.text)
                  00019948    000001ac     RGBLeds.obj (.text)
                  00019af4    000001a0     msp432p4xx_driverlib.lib : pcm.o (.text:__PCM_setPowerStateAdvanced)
                  00019c94    00000178     Joystick.obj (.text)
                  00019e0c    0000013c     rtsv7M4_T_le_v4SPD16_eabi.lib : _printfi.c.obj (.text:_pconv_e)
                  00019f48    00000136                                   : fd_div_t2.asm.obj (.text)
                  0001a07e    00000002     --HOLE-- [fill = 0]
                  0001a080    00000130     nonos.obj (.text)
                  0001a1b0    00000124     rtsv7M4_T_le_v4SPD16_eabi.lib : _printfi.c.obj (.text:fcvt)
                  0001a2d4    00000110     netcfg.obj (.text)
                  0001a3e4    00000110     rtsv7M4_T_le_v4SPD16_eabi.lib : s_scalbn.c.obj (.text:scalbn)
                  0001a4f4    00000104     msp432p4xx_driverlib.lib : cs.o (.text:CS_getDCOFrequency)
                  0001a5f8    000000fe     opt3001.obj (.text)
                  0001a6f6    000000fc     rtsv7M4_T_le_v4SPD16_eabi.lib : fd_mul_t2.asm.obj (.text)
                  0001a7f2    00000002     --HOLE-- [fill = 0]
                  0001a7f4    000000e0     msp432p4xx_driverlib.lib : cs.o (.text:CS_initClockSignal)
                  0001a8d4    000000dc                              : pcm.o (.text:__PCM_setPowerModeAdvanced)
                  0001a9b0    000000b1     rtsv7M4_T_le_v4SPD16_eabi.lib : _printfi.c.obj (.text:_ltostr)
                  0001aa61    00000003     --HOLE-- [fill = 0]
                  0001aa64    000000b0     msp432p4xx_driverlib.lib : pcm.o (.text:__PCM_setCoreVoltageLevelAdvanced)
                  0001ab14    000000a4     LCD_empty.obj (.text:PutChar)
                  0001abb8    000000a0     G8RTOS_Semaphores.obj (.text)
                  0001ac58    0000009c     msp432p4xx_driverlib.lib : cs.o (.text:CS_startHFXTWithTimeout)
                  0001acf4    0000009c                              : cs.o (.text:_CSComputeCLKFrequency)
                  0001ad90    0000009c     rtsv7M4_T_le_v4SPD16_eabi.lib : memcpy_t2.asm.obj (.text)
                  0001ae2c    00000096                                   : ull_div_t2.asm.obj (.text)
                  0001aec2    00000002     --HOLE-- [fill = 0]
                  0001aec4    00000094     msp432p4xx_driverlib.lib : uart.o (.text:UART_initModule)
                  0001af58    00000088                              : spi.o (.text:SPI_initMaster)
                  0001afe0    00000086     rtsv7M4_T_le_v4SPD16_eabi.lib : fd_cmp_t2.asm.obj (.text:__aeabi_cdcmple)
                  0001b066    00000086                                   : fd_cmp_t2.asm.obj (.text:__aeabi_cdrcmple)
                  0001b0ec    00000084     ClockSys.obj (.text)
                  0001b170    00000084     main.obj (.text)
                  0001b1f4    00000080     flowcont.obj (.text)
                  0001b274    0000007c     msp432p4xx_driverlib.lib : pcm.o (.text:PCM_gotoLPM3)
                  0001b2f0    0000007a     rtsv7M4_T_le_v4SPD16_eabi.lib : memset_t2.asm.obj (.text)
                  0001b36a    00000002     --HOLE-- [fill = 0]
                  0001b36c    00000070     msp432p4xx_driverlib.lib : cs.o (.text:_CSGetHFXTFrequency)
                  0001b3dc    0000006e     rtsv7M4_T_le_v4SPD16_eabi.lib : _printfi.c.obj (.text:_mcpy)
                  0001b44a    0000006e                                   : ll_div_t2.asm.obj (.text)
                  0001b4b8    00000068                                   : copy_decompress_lzss.c.obj (.text:decompress:lzss:__TI_decompress_lzss)
                  0001b520    00000064     msp432p4xx_driverlib.lib : interrupt.o (.text:Interrupt_disableInterrupt)
                  0001b584    00000064                              : interrupt.o (.text:Interrupt_enableInterrupt)
                  0001b5e8    00000064     rtsv7M4_T_le_v4SPD16_eabi.lib : s_frexp.c.obj (.text:frexp)
                  0001b64c    00000060     LCD_empty.obj (.text:LCD_ReadDataPixels)
                  0001b6ac    00000056     rtsv7M4_T_le_v4SPD16_eabi.lib : _printfi.c.obj (.text:_pconv_f)
                  0001b702    00000054                                   : ltoa.c.obj (.text:ltoa)
                  0001b756    00000052                                   : _printfi.c.obj (.text:_ecpy)
                  0001b7a8    00000050     msp432p4xx_driverlib.lib : pcm.o (.text:PCM_shutdownDevice)
                  0001b7f8    00000050                              : sysctl.o (.text:SysCtl_getTLVInfo)
                  0001b848    0000004c     G8RTOS_SchedulerASM.obj (.text)
                  0001b894    0000004c     msp432p4xx_driverlib.lib : gpio.o (.text:GPIO_setAsPeripheralModuleFunctionOutputPin)
                  0001b8e0    0000004c                              : cs.o (.text:_CSGetDOCFrequency)
                  0001b92c    0000004c     rtsv7M4_T_le_v4SPD16_eabi.lib : atoi.c.obj (.text:atoi)
                  0001b978    0000004c                                   : snprintf.c.obj (.text:snprintf)
                  0001b9c4    00000048     msp432p4xx_driverlib.lib : gpio.o (.text:GPIO_setAsPeripheralModuleFunctionInputPin)
                  0001ba0c    00000048                              : cs.o (.text:_CSGetDividerValue)
                  0001ba54    00000048     rtsv7M4_T_le_v4SPD16_eabi.lib : fd_toi_t2.asm.obj (.text)
                  0001ba9c    00000044                                   : autoinit.c.obj (.text:__TI_auto_init_nobinit_nopinit:__TI_auto_init_nobinit_nopinit)
                  0001bae0    00000040     AsciiLib.obj (.text)
                  0001bb20    00000040     LCD_empty.obj (.text:LCD_WriteData)
                  0001bb60    00000040     rtsv7M4_T_le_v4SPD16_eabi.lib : sprintf.c.obj (.text:sprintf)
                  0001bba0    0000003e     msp432p4xx_driverlib.lib : i2c.o (.text:I2C_initMaster)
                  0001bbde    0000003e     rtsv7M4_T_le_v4SPD16_eabi.lib : _printfi.c.obj (.text:_fcpy)
                  0001bc1c    0000003c     LCD_empty.obj (.text:LCD_Write_Data_Only)
                  0001bc58    00000038     msp432p4xx_driverlib.lib : i2c.o (.text:I2C_masterSendMultiByteStart)
                  0001bc90    00000034     BSP.obj (.text)
                  0001bcc4    00000034     LCD_empty.obj (.text:LCD_WriteIndex)
                  0001bcf8    00000034     rtsv7M4_T_le_v4SPD16_eabi.lib : boot_cortex_m.c.obj (.text:_c_int00_noargs:_c_int00_noargs)
                  0001bd2c    00000034                                   : rand.c.obj (.text:rand)
                  0001bd60    00000030     msp432p4xx_driverlib.lib : gpio.o (.text:GPIO_getEnabledInterruptStatus)
                  0001bd90    00000030                              : i2c.o (.text:I2C_masterSendMultiByteStop)
                  0001bdc0    00000030     rtsv7M4_T_le_v4SPD16_eabi.lib : snprintf.c.obj (.text:_outs)
                  0001bdf0    00000030     msp432p4xx_driverlib.lib : spi.o (.text:is_A_Module)
                  0001be20    0000002e     rtsv7M4_T_le_v4SPD16_eabi.lib : i_tofd_t2.asm.obj (.text)
                  0001be4e    0000002c     msp432p4xx_driverlib.lib : pcm.o (.text:PCM_getCoreVoltageLevel)
                  0001be7a    0000002a                              : pcm.o (.text:PCM_getPowerMode)
                  0001bea4    00000028                              : flash.o (.text:FlashCtl_setWaitState)
                  0001becc    00000028                              : pcm.o (.text:PCM_gotoLPM0)
                  0001bef4    00000028     LCD_empty.obj (.text:SPISendRecvByte)
                  0001bf1c    00000026     demo_sysctl.obj (.text)
                  0001bf42    00000002     --HOLE-- [fill = 0]
                  0001bf44    00000024     msp432p4xx_driverlib.lib : cs.o (.text:CS_clearInterruptFlag)
                  0001bf68    00000024                              : cs.o (.text:CS_setDCOCenteredFrequency)
                  0001bf8c    00000024                              : gpio.o (.text:GPIO_setAsOutputPin)
                  0001bfb0    00000024                              : i2c.o (.text:I2C_masterSendMultiByteNext)
                  0001bfd4    00000024                              : interrupt.o (.text:Interrupt_setPriority)
                  0001bff8    00000024                              : rtc_c.o (.text:RTC_C_holdClock)
                  0001c01c    00000024                              : uart.o (.text:UART_transmitData)
                  0001c040    00000020     LCD_empty.obj (.text:LCD_SetCursor)
                  0001c060    00000020     msp432p4xx_driverlib.lib : spi.o (.text:SPI_transmitData)
                  0001c080    0000001c                              : spi.o (.text:EUSCI_B_SPI_isBusy)
                  0001c09c    0000001c     LCD_empty.obj (.text:LCD_WriteReg)
                  0001c0b8    0000001c     rtsv7M4_T_le_v4SPD16_eabi.lib : memccpy.c.obj (.text:memccpy)
                  0001c0d4    0000001a     msp432p4xx_driverlib.lib : spi.o (.text:SPI_enableModule)
                  0001c0ee    0000001a                              : spi.o (.text:SPI_receiveData)
                  0001c108    0000001a     rtsv7M4_T_le_v4SPD16_eabi.lib : s_copysign.c.obj (.text:copysign)
                  0001c122    00000002     --HOLE-- [fill = 0]
                  0001c124    00000018     msp432p4xx_driverlib.lib : cs.o (.text:CS_getMCLK)
                  0001c13c    00000018                              : cs.o (.text:CS_getSMCLK)
                  0001c154    00000018                              : wdt_a.o (.text:WDT_A_clearTimer)
                  0001c16c    00000018                              : wdt_a.o (.text:WDT_A_holdTimer)
                  0001c184    00000018     rtsv7M4_T_le_v4SPD16_eabi.lib : snprintf.c.obj (.text:_outc)
                  0001c19c    00000018                                   : sprintf.c.obj (.text:_outs)
                  0001c1b4    00000018                                   : ll_mul_t2.asm.obj (.text)
                  0001c1cc    00000016                                   : strchr.c.obj (.text:strchr)
                  0001c1e2    00000002     --HOLE-- [fill = 0]
                  0001c1e4    00000014     msp432p4xx_driverlib.lib : cs.o (.text:CS_setExternalClockSourceFrequency)
                  0001c1f8    00000014                              : gpio.o (.text:GPIO_setOutputHighOnPin)
                  0001c20c    00000014                              : i2c.o (.text:I2C_isBusBusy)
                  0001c220    00000014                              : systick.o (.text:SysTick_enableInterrupt)
                  0001c234    00000014     rtsv7M4_T_le_v4SPD16_eabi.lib : strlen.c.obj (.text:strlen)
                  0001c248    00000012                                   : wcslen.c.obj (.text:wcslen)
                  0001c25a    00000002     --HOLE-- [fill = 0]
                  0001c25c    00000010     msp432p4xx_driverlib.lib : gpio.o (.text:GPIO_getInterruptStatus)
                  0001c26c    00000010                              : i2c.o (.text:I2C_masterReceiveStart)
                  0001c27c    00000010                              : interrupt.o (.text:Interrupt_enableMaster)
                  0001c28c    00000010                              : pcm.o (.text:PCM_gotoLPM4)
                  0001c29c    00000010                              : sysctl.o (.text:SysCtl_disableNMISource)
                  0001c2ac    00000010                              : sysctl.o (.text:SysCtl_enableNMISource)
                  0001c2bc    0000000e     G8RTOS_CriticalSection.obj (.text)
                  0001c2ca    0000000e     msp432p4xx_driverlib.lib : i2c.o (.text:I2C_clearInterruptFlag)
                  0001c2d8    0000000e                              : i2c.o (.text:I2C_disableInterrupt)
                  0001c2e6    0000000e     rtsv7M4_T_le_v4SPD16_eabi.lib : copy_decompress_none.c.obj (.text:decompress:none:__TI_decompress_none)
                  0001c2f4    0000000e     startup_msp432p401r_ccs.obj (.text)
                  0001c302    0000000c     msp432p4xx_driverlib.lib : cpu.o (.text:CPU_cpsie)
                  0001c30e    0000000c                              : spi.o (.text:EUSCI_A_SPI_enable)
                  0001c31a    0000000c                              : spi.o (.text:EUSCI_B_SPI_enable)
                  0001c326    0000000c                              : i2c.o (.text:I2C_disableModule)
                  0001c332    0000000c                              : i2c.o (.text:I2C_enableModule)
                  0001c33e    00000002     --HOLE-- [fill = 0]
                  0001c340    0000000c                              : pcm.o (.text:PCM_getPowerState)
                  0001c34c    0000000c                              : sysctl.o (.text:SysCtl_getNMISourceStatus)
                  0001c358    0000000c                              : uart.o (.text:UART_enableModule)
                  0001c364    0000000c     rtsv7M4_T_le_v4SPD16_eabi.lib : copy_zero_init.c.obj (.text:decompress:ZI:__TI_zero_init)
                  0001c370    0000000a     LCD_empty.obj (.text:LCD_Write_Data_Start)
                  0001c37a    0000000a     rtsv7M4_T_le_v4SPD16_eabi.lib : sprintf.c.obj (.text:_outc)
                  0001c384    00000008     msp432p4xx_driverlib.lib : i2c.o (.text:I2C_enableInterrupt)
                  0001c38c    00000008                              : pcm.o (.text:PCM_setCoreVoltageLevel)
                  0001c394    00000008                              : pcm.o (.text:PCM_setPowerMode)
                  0001c39c    00000008                              : pcm.o (.text:PCM_setPowerState)
                  0001c3a4    00000008     rtsv7M4_T_le_v4SPD16_eabi.lib : errno.c.obj (.text:__aeabi_errno_addr)
                  0001c3ac    00000006     msp432p4xx_driverlib.lib : cs.o (.text:CS_startHFXT)
                  0001c3b2    00000006                              : spi.o (.text:EUSCI_A_SPI_receiveData)
                  0001c3b8    00000006                              : spi.o (.text:EUSCI_B_SPI_receiveData)
                  0001c3be    00000006                              : i2c.o (.text:I2C_getEnabledInterruptStatus)
                  0001c3c4    00000006                              : i2c.o (.text:I2C_getInterruptStatus)
                  0001c3ca    00000006                              : i2c.o (.text:I2C_masterReceiveMultiByteNext)
                  0001c3d0    00000006     demo_sysctl.obj (.text:SysCtlDelay)
                  0001c3d6    00000004     msp432p4xx_driverlib.lib : cpu.o (.text:CPU_wfi)
                  0001c3da    00000004                              : spi.o (.text:EUSCI_A_SPI_transmitData)
                  0001c3de    00000004                              : spi.o (.text:EUSCI_B_SPI_transmitData)
                  0001c3e2    00000004                              : i2c.o (.text:I2C_setSlaveAddress)
                  0001c3e6    00000004     rtsv7M4_T_le_v4SPD16_eabi.lib : pre_init.c.obj (.text:_system_pre_init)
                  0001c3ea    00000004                                   : exit.c.obj (.text:abort:abort)

.const     0    0001c3f0    000009de     
                  0001c3f0    000005f0     AsciiLib.obj (.const:AsciiLib)
                  0001c9e0    00000101     rtsv7M4_T_le_v4SPD16_eabi.lib : ctype.c.obj (.const:.string:_ctypes_)
                  0001cae1    00000003     bmi160.obj (.const:.string:INVALID_OFFSET)
                  0001cae4    000000b0     wlan.obj (.const:$P$T0$1)
                  0001cb94    00000050     msp432p4xx_driverlib.lib : interrupt.o (.const:g_pulRegs)
                  0001cbe4    00000040                              : interrupt.o (.const)
                  0001cc24    00000038     driver.obj (.const:_SlActionLookupTable)
                  0001cc5c    0000002c     cc3100_usage.obj (.const:$P$T0$1)
                  0001cc88    00000024     BackChannelUart.obj (.const:backChannelUart115200Config)
                  0001ccac    0000001c     LCD_empty.obj (.const:spiMasterConfig)
                  0001ccc8    00000014     cc3100_usage.obj (.const:$P$T1$2)
                  0001ccdc    0000000c     cc3100_usage.obj (.const:$P$T2$3)
                  0001cce8    0000000c     bmi160.obj (.const:yas532_version_ac_coef)
                  0001ccf4    00000008     driver.obj (.const:g_H2NCnysPattern)
                  0001ccfc    00000008     driver.obj (.const:g_H2NSyncPattern)
                  0001cd04    00000008     bmi160.obj (.const:v_calib_data$2)
                  0001cd0c    00000005     bme280_support.obj (.const:.string:$P$T0$1)
                  0001cd11    00000005     bmi160.obj (.const:.string:v_correct_u8$1)
                  0001cd16    00000004     driver.obj (.const:$P$T0$1)
                  0001cd1a    00000004     netapp.obj (.const:$P$T0$1)
                  0001cd1e    00000004     socket.obj (.const:$P$T0$1)
                  0001cd22    00000004     socket.obj (.const:$P$T1$2)
                  0001cd26    00000004     wlan.obj (.const:$P$T1$2)
                  0001cd2a    00000004     socket.obj (.const:$P$T2$3)
                  0001cd2e    00000004     wlan.obj (.const:$P$T2$3)
                  0001cd32    00000004     wlan.obj (.const:$P$T3$4)
                  0001cd36    00000004     socket.obj (.const:_SlAcceptCmdCtrl)
                  0001cd3a    00000004     device.obj (.const:_SlDeviceGetCmdCtrl)
                  0001cd3e    00000004     device.obj (.const:_SlDeviceSetCmdCtrl)
                  0001cd42    00000004     device.obj (.const:_SlEventMaskGetCmdCtrl)
                  0001cd46    00000004     device.obj (.const:_SlEventMaskSetCmdCtrl)
                  0001cd4a    00000004     netapp.obj (.const:_SlGetHostByNameCtrl)
                  0001cd4e    00000004     netapp.obj (.const:_SlGetHostByServiceCtrl)
                  0001cd52    00000004     netapp.obj (.const:_SlGetServiceListeCtrl)
                  0001cd56    00000004     socket.obj (.const:_SlGetSockOptCmdCtrl)
                  0001cd5a    00000004     socket.obj (.const:_SlListenCmdCtrl)
                  0001cd5e    00000004     netapp.obj (.const:_SlNetAppGetCmdCtrl)
                  0001cd62    00000004     netapp.obj (.const:_SlNetAppSendTokenValueCmdCtrl)
                  0001cd66    00000004     netapp.obj (.const:_SlNetAppSetCmdCtrl)
                  0001cd6a    00000004     netapp.obj (.const:_SlNetAppStartCtrl)
                  0001cd6e    00000004     netapp.obj (.const:_SlNetAppStopCtrl)
                  0001cd72    00000004     netcfg.obj (.const:_SlNetCfgGetCmdCtrl)
                  0001cd76    00000004     netcfg.obj (.const:_SlNetCfgSetCmdCtrl)
                  0001cd7a    00000004     wlan.obj (.const:_SlPolicyGetCmdCtrl)
                  0001cd7e    00000004     wlan.obj (.const:_SlPolicySetCmdCtrl)
                  0001cd82    00000004     wlan.obj (.const:_SlProfileDelCmdCtrl)
                  0001cd86    00000004     wlan.obj (.const:_SlProfileGetCmdCtrl)
                  0001cd8a    00000004     socket.obj (.const:_SlRecvCmdCtrl)
                  0001cd8e    00000004     socket.obj (.const:_SlRecvfomCmdCtrl)
                  0001cd92    00000004     netapp.obj (.const:_SlRegisterServiceCtrl)
                  0001cd96    00000004     wlan.obj (.const:_SlRxFilterAddtCmdCtrl)
                  0001cd9a    00000004     wlan.obj (.const:_SlRxFilterGetCmdCtrl)
                  0001cd9e    00000004     wlan.obj (.const:_SlRxFilterSetCmdCtrl)
                  0001cda2    00000004     socket.obj (.const:_SlSelectCmdCtrl)
                  0001cda6    00000004     socket.obj (.const:_SlSendCmdCtrl)
                  0001cdaa    00000004     socket.obj (.const:_SlSetSockOptCmdCtrl)
                  0001cdae    00000004     wlan.obj (.const:_SlSmartConfigStartCmdCtrl)
                  0001cdb2    00000004     socket.obj (.const:_SlSockCloseCmdCtrl)
                  0001cdb6    00000004     socket.obj (.const:_SlSockSocketCmdCtrl)
                  0001cdba    00000004     device.obj (.const:_SlStopCmdCtrl)
                  0001cdbe    00000004     wlan.obj (.const:_SlWlanCfgGetCmdCtrl)
                  0001cdc2    00000004     wlan.obj (.const:_SlWlanCfgSetCmdCtrl)
                  0001cdc6    00000004     wlan.obj (.const:_SlWlanGetNetworkListCtrl)
                  0001cdca    00000004     wlan.obj (.const:_SlWlanSetModeCmdCtrl)

.cinit     0    0001cdd0    00000078     
                  0001cdd0    0000004e     (.cinit..data.load) [load image, compression = lzss]
                  0001ce1e    00000002     --HOLE-- [fill = 0]
                  0001ce20    0000000c     (__TI_handler_table)
                  0001ce2c    00000004     --HOLE-- [fill = 0]
                  0001ce30    00000008     (.cinit..bss.load) [load image, compression = zero_init]
                  0001ce38    00000010     (__TI_cinit_table)

.init_array 
*          0    00000000    00000000     UNINITIALIZED

.binit     0    00000000    00000000     

.bss       0    20000000    0000efaa     UNINITIALIZED
                  20000000    0000d800     G8RTOS_Scheduler.obj (.bss:threadStacks)
                  2000d800    0000057c     G8RTOS_Scheduler.obj (.bss:threadControlBlocks)
                  2000dd7c    0000036c     (.common:accel_fifo)
                  2000e0e8    0000036c     (.common:gyro_fifo)
                  2000e454    0000036c     (.common:mag_fifo)
                  2000e7c0    00000288     G8RTOS_Scheduler.obj (.bss:periodicEventThreads)
                  2000ea48    00000164     (.common:g_StatMem)
                  2000ebac    00000100     BackChannelUart.obj (.bss:backChannelStringBuff)
                  2000ecac    00000070     bmi160.obj (.bss:yas532_data)
                  2000ed1c    0000006c     (.common:ClientToHost)
                  2000ed88    0000006c     (.common:HostToClient)
                  2000edf4    0000006c     (.common:packetClient)
                  2000ee60    0000006c     (.common:packetHost)
                  2000eecc    0000003c     (.common:bme280)
                  2000ef08    00000028     (.common:g__SlNonOsCB)
                  2000ef30    00000014     (.common:s_bmi160)
                  2000ef44    00000010     bmi160.obj (.bss:mag_trim)
                  2000ef54    0000000a     G8RTOS_Scheduler.obj (.bss)
                  2000ef5e    00000006     (.common:accelxyz)
                  2000ef64    00000006     (.common:gyroxyz)
                  2000ef6a    00000002     tmp007.obj (.bss)
                  2000ef6c    00000004     bme280.obj (.bss)
                  2000ef70    00000004     bmi160.obj (.bss)
                  2000ef74    00000004     tmp007.obj (.bss:buf)
                  2000ef78    00000004     cc3100_usage.obj (.bss)
                  2000ef7c    00000004     (.common:ButtonFunction)
                  2000ef80    00000004     (.common:CC3100Semaphore)
                  2000ef84    00000004     (.common:CurrentlyRunningThread)
                  2000ef88    00000004     (.common:I2CSemaphore)
                  2000ef8c    00000004     (.common:LCDSemaphore)
                  2000ef90    00000004     (.common:SystemTime)
                  2000ef94    00000004     (.common:g_ui32ByteCount)
                  2000ef98    00000004     (.common:hfxtFreq)
                  2000ef9c    00000004     (.common:lfxtFreq)
                  2000efa0    00000004     (.common:pData)
                  2000efa4    00000003     bmi160.obj (.bss:akm_asa_data)
                  2000efa7    00000001     (.common:IntIsMasked)
                  2000efa8    00000001     (.common:ui8DummyRead)
                  2000efa9    00000001     (.common:ui8Status)

.data      0    2000efac    00000484     UNINITIALIZED
                  2000efac    00000400     bmi160.obj (.data:v_fifo_data_u8)
                  2000f3ac    00000030     msp432p4xx_driverlib.lib : gpio.o (.data:GPIO_PORT_TO_BASE)
                  2000f3dc    00000014     cc3100_usage.obj (.data)
                  2000f3f0    00000014     i2c_driver.obj (.data:i2cConfig)
                  2000f404    00000009     driver.obj (.data)
                  2000f40d    00000001     Game.obj (.data)
                  2000f40e    00000001     i2c_driver.obj (.data)
                  2000f40f    00000001     --HOLE--
                  2000f410    00000008     rtsv7M4_T_le_v4SPD16_eabi.lib : _lock.c.obj (.data:$O1$$)
                  2000f418    00000008     bmi160.obj (.data)
                  2000f420    00000004     board.obj (.data)
                  2000f424    00000004     rtsv7M4_T_le_v4SPD16_eabi.lib : errno.c.obj (.data)
                  2000f428    00000004                                   : rand.c.obj (.data)
                  2000f42c    00000004     system_msp432p401r.obj (.data)

.stack     0    2000fe00    00000200     UNINITIALIZED
                  2000fe00    00000004     rtsv7M4_T_le_v4SPD16_eabi.lib : boot_cortex_m.c.obj (.stack)
                  2000fe04    000001fc     --HOLE--

MODULE SUMMARY

       Module                        code     ro data   rw data
       ------                        ----     -------   -------
    .\
       Game.obj                      6260     0         890    
       LCD_empty.obj                 2142     28        0      
       system_msp432p401r.obj        820      0         8      
       startup_msp432p401r_ccs.obj   14       228       0      
       main.obj                      132      0         0      
    +--+-----------------------------+--------+---------+---------+
       Total:                        9368     256       898    
                                                               
    .\BoardSupportPackage\src\
       bmi160.obj                    54752    28        7590   
       bme280.obj                    6160     0         8      
       bmi160_support.obj            3112     0         64     
       AsciiLib.obj                  64       1520      0      
       BackChannelUart.obj           760      36        512    
       i2c_driver.obj                864      0         62     
       bme280_support.obj            736      5         120    
       tmp007.obj                    564      0         12     
       RGBLeds.obj                   428      0         0      
       Joystick.obj                  376      0         8      
       opt3001.obj                   254      0         0      
       ClockSys.obj                  132      0         0      
       BSP.obj                       52       0         0      
       demo_sysctl.obj               44       0         0      
    +--+-----------------------------+--------+---------+---------+
       Total:                        68298    1589      8376   
                                                               
    .\CC3100SupportPackage\board\
       board.obj                     848      0         10     
    +--+-----------------------------+--------+---------+---------+
       Total:                        848      0         10     
                                                               
    .\CC3100SupportPackage\cc3100_usage\
       cc3100_usage.obj              1684     76        48     
    +--+-----------------------------+--------+---------+---------+
       Total:                        1684     76        48     
                                                               
    .\CC3100SupportPackage\simplelink\source\
       driver.obj                    8228     76        730    
       socket.obj                    3796     52        0      
       wlan.obj                      2752     236       0      
       netapp.obj                    2884     40        0      
       device.obj                    1464     20        0      
       nonos.obj                     304      0         80     
       netcfg.obj                    272      8         0      
       flowcont.obj                  128      0         0      
    +--+-----------------------------+--------+---------+---------+
       Total:                        19828    432       810    
                                                               
    .\CC3100SupportPackage\spi_cc3100\
       spi_cc3100.obj                528      0         0      
    +--+-----------------------------+--------+---------+---------+
       Total:                        528      0         0      
                                                               
    .\G8RTOS\
       G8RTOS_Scheduler.obj          2572     0         114732 
       G8RTOS_Semaphores.obj         160      0         0      
       G8RTOS_SchedulerASM.obj       76       0         0      
       G8RTOS_CriticalSection.obj    14       0         0      
    +--+-----------------------------+--------+---------+---------+
       Total:                        2822     0         114732 
                                                               
    ../BoardSupportPackage/DriverLib/msp432p4xx_driverlib.lib
       cs.o                          1202     0         16     
       pcm.o                         1194     0         0      
       interrupt.o                   252      144       0      
       gpio.o                        268      0         96     
       spi.o                         340      0         0      
       i2c.o                         320      0         0      
       uart.o                        196      0         0      
       sysctl.o                      124      0         0      
       wdt_a.o                       48       0         0      
       flash.o                       40       0         0      
       rtc_c.o                       36       0         0      
       systick.o                     20       0         0      
       cpu.o                         16       0         0      
    +--+-----------------------------+--------+---------+---------+
       Total:                        4056     144       112    
                                                               
    C:\ti\ccs910\ccs\tools\compiler\ti-cgt-arm_18.12.2.LTS\lib\rtsv7M4_T_le_v4SPD16_eabi.lib
       _printfi.c.obj                4851     0         0      
       fd_add_t2.asm.obj             438      0         0      
       fd_div_t2.asm.obj             310      0         0      
       s_scalbn.c.obj                272      0         0      
       fd_cmp_t2.asm.obj             268      0         0      
       ctype.c.obj                   0        257       0      
       fd_mul_t2.asm.obj             252      0         0      
       memcpy_t2.asm.obj             156      0         0      
       ull_div_t2.asm.obj            150      0         0      
       snprintf.c.obj                148      0         0      
       memset_t2.asm.obj             122      0         0      
       ll_div_t2.asm.obj             110      0         0      
       copy_decompress_lzss.c.obj    104      0         0      
       s_frexp.c.obj                 100      0         0      
       sprintf.c.obj                 98       0         0      
       ltoa.c.obj                    84       0         0      
       atoi.c.obj                    76       0         0      
       fd_toi_t2.asm.obj             72       0         0      
       autoinit.c.obj                68       0         0      
       rand.c.obj                    52       0         8      
       boot_cortex_m.c.obj           52       0         0      
       i_tofd_t2.asm.obj             46       0         0      
       memccpy.c.obj                 28       0         0      
       s_copysign.c.obj              26       0         0      
       ll_mul_t2.asm.obj             24       0         0      
       strchr.c.obj                  22       0         0      
       strlen.c.obj                  20       0         0      
       _lock.c.obj                   2        0         16     
       wcslen.c.obj                  18       0         0      
       errno.c.obj                   8        0         8      
       copy_decompress_none.c.obj    14       0         0      
       copy_zero_init.c.obj          12       0         0      
       exit.c.obj                    4        0         0      
       pre_init.c.obj                4        0         0      
       div0.asm.obj                  2        0         0      
    +--+-----------------------------+--------+---------+---------+
       Total:                        8013     257       32     
                                                               
       Stack:                        0        0         1024   
       Linker Generated:             0        114       0      
    +--+-----------------------------+--------+---------+---------+
       Grand Total:                  115445   2868      126042 


LINKER GENERATED COPY TABLES

__TI_cinit_table @ 0001ce38 records: 2, size/record: 8, table size: 16
	.data: load addr=0001cdd0, load size=0000004e bytes, run addr=2000efac, run size=00000484 bytes, compression=lzss
	.bss: load addr=0001ce30, load size=00000008 bytes, run addr=20000000, run size=0000efaa bytes, compression=zero_init


LINKER GENERATED HANDLER TABLE

__TI_handler_table @ 0001ce20 records: 3, size/record: 4, table size: 12
	index: 0, handler: __TI_decompress_lzss
	index: 1, handler: __TI_decompress_none
	index: 2, handler: __TI_zero_init


GLOBAL SYMBOLS: SORTED ALPHABETICALLY BY Name 

address   name                                                  
-------   ----                                                  
0001c301  ADC14_IRQHandler                                      
0001c301  AES256_IRQHandler                                     
00018dcd  BME280_I2C_bus_read                                   
00018da1  BME280_I2C_bus_write                                  
00018df9  BME280_SPI_bus_read                                   
00018e5f  BME280_SPI_bus_write                                  
00018ecf  BME280_delay_msek                                     
0001bc91  BSP_InitBoard                                         
000189d9  BackChannelEventTrigger                               
00018953  BackChannelInit                                       
000189f1  BackChannelOpt3001PrintRaw                            
0001896f  BackChannelPrint                                      
000189bb  BackChannelPrintIntVariable                           
00018a33  BackupChannelBmi160PrintAccel                         
00018a5f  BackupChannelBmi160PrintGyro                          
00018a8b  BackupChannelBmi160PrintMag                           
00018a0d  BackupChannelTmp007PrintRaw                           
0001c301  BusFault_Handler                                      
2000ef7c  ButtonFunction                                        
000108e7  ButtonTap                                             
0001c3eb  C$$EXIT                                               
2000ef80  CC3100Semaphore                                       
00018307  CC3100_InterruptDisable                               
000182dd  CC3100_InterruptEnable                                
000182c5  CC3100_disable                                        
000182d1  CC3100_enable                                         
0001c301  COMP_E0_IRQHandler                                    
0001c301  COMP_E1_IRQHandler                                    
0001c303  CPU_cpsie                                             
0001c3d7  CPU_wfi                                               
0001c301  CS_IRQHandler                                         
0001bf45  CS_clearInterruptFlag                                 
0001a4f5  CS_getDCOFrequency                                    
0001c125  CS_getMCLK                                            
0001c13d  CS_getSMCLK                                           
0001a7f5  CS_initClockSignal                                    
0001bf69  CS_setDCOCenteredFrequency                            
0001c1e5  CS_setExternalClockSourceFrequency                    
0001c3ad  CS_startHFXT                                          
0001ac59  CS_startHFXTWithTimeout                               
2000ed1c  ClientToHost                                          
0001b15b  ClockSys_GetSysFreq                                   
0001b0ed  ClockSys_SetMaxFreq                                   
000148c9  CopyPingResultsToReport                               
0000fca5  CreateGame                                            
2000ef84  CurrentlyRunningThread                                
0001c301  DMA_ERR_IRQHandler                                    
0001c301  DMA_INT0_IRQHandler                                   
0001c301  DMA_INT1_IRQHandler                                   
0001c301  DMA_INT2_IRQHandler                                   
0001c301  DMA_INT3_IRQHandler                                   
0001c301  DebugMon_Handler                                      
0001c301  Default_Handler                                       
00018563  Delay                                                 
0001bf1d  DelayMs                                               
00019d75  Disable_Joystick_Interrupt                            
0000f755  DrawObjects                                           
000185b1  EUSCIA0_IRQHandler                                    
000185b1  EUSCIA0_IRQHandler                                    
0001c301  EUSCIA1_IRQHandler                                    
0001c301  EUSCIA2_IRQHandler                                    
0001c301  EUSCIA3_IRQHandler                                    
0001c301  EUSCIB0_IRQHandler                                    
000181e9  EUSCIB1_IRQHandler                                    
000181e9  EUSCIB1_IRQHandler                                    
0001c301  EUSCIB2_IRQHandler                                    
0001c301  EUSCIB3_IRQHandler                                    
0001c30f  EUSCI_A_SPI_enable                                    
0001c3b3  EUSCI_A_SPI_receiveData                               
0001c3db  EUSCI_A_SPI_transmitData                              
0001c31b  EUSCI_B_SPI_enable                                    
0001c081  EUSCI_B_SPI_isBusy                                    
0001c3b9  EUSCI_B_SPI_receiveData                               
0001c3df  EUSCI_B_SPI_transmitData                              
0001c2c5  EndCriticalSection                                    
00010c09  EndOfGameClient                                       
000107e1  EndOfGameHost                                         
0001c301  FLCTL_IRQHandler                                      
0001c301  FPU_IRQHandler                                        
0001bea5  FlashCtl_setWaitState                                 
00016a01  G8RTOS_AddAPeriodicEvent                              
00016889  G8RTOS_AddPeriodicThread                              
000165a1  G8RTOS_AddThread                                      
00016a5f  G8RTOS_GetThreadId                                    
000164b5  G8RTOS_Init                                           
0001abb9  G8RTOS_InitSemaphore                                  
00016c2b  G8RTOS_KillAll                                        
00016bc9  G8RTOS_KillSelf                                       
00016abd  G8RTOS_KillThread                                     
000164ef  G8RTOS_Launch                                         
000163b3  G8RTOS_Scheduler                                      
0001ac0d  G8RTOS_SignalSemaphore                                
0001b84d  G8RTOS_Start                                          
0001abd3  G8RTOS_WaitSemaphore                                  
0001bd61  GPIO_getEnabledInterruptStatus                        
0001c25d  GPIO_getInterruptStatus                               
0001bf8d  GPIO_setAsOutputPin                                   
0001b9c5  GPIO_setAsPeripheralModuleFunctionInputPin            
0001b895  GPIO_setAsPeripheralModuleFunctionOutputPin           
0001c1f9  GPIO_setOutputHighOnPin                               
0000fef1  GenerateBall                                          
0001bae1  GetASCIICode                                          
00019d8b  GetJoystickCoordinates                                
000184af  GetLEDStatus                                          
0001c301  HardFault_Handler                                     
2000ed88  HostToClient                                          
2000ef88  I2CSemaphore                                          
0001c2cb  I2C_clearInterruptFlag                                
0001c2d9  I2C_disableInterrupt                                  
0001c327  I2C_disableModule                                     
0001c385  I2C_enableInterrupt                                   
0001c333  I2C_enableModule                                      
0001c3bf  I2C_getEnabledInterruptStatus                         
0001c3c5  I2C_getInterruptStatus                                
0001bba1  I2C_initMaster                                        
0001c20d  I2C_isBusBusy                                         
0001c3cb  I2C_masterReceiveMultiByteNext                        
0001c26d  I2C_masterReceiveStart                                
0001bfb1  I2C_masterSendMultiByteNext                           
0001bc59  I2C_masterSendMultiByteStart                          
0001bd91  I2C_masterSendMultiByteStop                           
00018d6f  I2C_routine                                           
0001c3e3  I2C_setSlaveAddress                                   
0000fc9d  IdleThread                                            
00010d25  InitBoardState                                        
2000efa7  IntIsMasked                                           
0001b521  Interrupt_disableInterrupt                            
0001b585  Interrupt_enableInterrupt                             
0001c27d  Interrupt_enableMaster                                
0001bfd5  Interrupt_setPriority                                 
00010941  JoinGame                                              
00019cc1  Joystick_Init_Without_Interrupt                       
00019d1f  Joystick_Push_Button_Init_With_Interrupt              
2000ef8c  LCDSemaphore                                          
00017575  LCD_Clear                                             
000173f9  LCD_DrawRectangle                                     
00017641  LCD_Init                                              
0001b64d  LCD_ReadDataPixels                                    
0001795b  LCD_ReadPixelColor                                    
0001c041  LCD_SetCursor                                         
000175e7  LCD_SetPoint                                          
000174db  LCD_Text                                              
0001bb21  LCD_WriteData                                         
0001bcc5  LCD_WriteIndex                                        
0001c09d  LCD_WriteReg                                          
0001bc1d  LCD_Write_Data_Only                                   
0001c371  LCD_Write_Data_Start                                  
00019949  LP3943_ColorSet                                       
00019979  LP3943_LedModeSet                                     
00018325  MaskIntHdlr                                           
0001c301  MemManage_Handler                                     
0001004d  MoveBall                                              
0000fc25  MoveLEDs                                              
0001c301  NMI_Handler                                           
00016843  OS_Sleep                                              
0001c301  PCM_IRQHandler                                        
0001be4f  PCM_getCoreVoltageLevel                               
0001be7b  PCM_getPowerMode                                      
0001c341  PCM_getPowerState                                     
0001becd  PCM_gotoLPM0                                          
0001b275  PCM_gotoLPM3                                          
0001c28d  PCM_gotoLPM4                                          
0001c38d  PCM_setCoreVoltageLevel                               
0001c395  PCM_setPowerMode                                      
0001c39d  PCM_setPowerState                                     
0001b7a9  PCM_shutdownDevice                                    
00018561  PORT1_IRQHandler                                      
00018561  PORT1_IRQHandler                                      
0001858b  PORT2_IRQHandler                                      
0001858b  PORT2_IRQHandler                                      
0001c301  PORT3_IRQHandler                                      
0001c301  PORT4_IRQHandler                                      
0001c301  PORT5_IRQHandler                                      
0001c301  PORT6_IRQHandler                                      
0001c301  PSS_IRQHandler                                        
0001b86d  PendSV_Handler                                        
0001b86d  PendSV_Handler                                        
0001ab15  PutChar                                               
0001c301  RTC_C_IRQHandler                                      
0001bff9  RTC_C_holdClock                                       
00010b95  ReadJoystickClient                                    
0000ff35  ReadJoystickHost                                      
00017249  ReceiveData                                           
0000fe9d  ReceiveDataFromClient                                 
00010ac9  ReceiveDataFromHost                                   
0001c2f5  Reset_Handler                                         
00013543  SL_FD_CLR                                             
00013569  SL_FD_ISSET                                           
00013521  SL_FD_SET                                             
00013591  SL_FD_ZERO                                            
0001bef5  SPISendRecvByte                                       
0001c0d5  SPI_enableModule                                      
0001af59  SPI_initMaster                                        
0001c0ef  SPI_receiveData                                       
00018d8b  SPI_routine                                           
0001c061  SPI_transmitData                                      
0001c301  SVC_Handler                                           
0001851d  SelAntenna                                            
00017229  SendData                                              
0000fe5b  SendDataToClient                                      
00010b31  SendDataToHost                                        
00016771  SetInitialStack                                       
0001730b  SimpleLinkGeneralEventHandler                         
000172ff  SimpleLinkHttpServerCallback                          
000172c7  SimpleLinkNetAppEventHandler                          
00017315  SimpleLinkSockEventHandler                            
00017273  SimpleLinkWlanEventHandler                            
2000f3ec  SockIDRx                                              
2000f3ee  SockIDTx                                              
0001c2bd  StartCriticalSection                                  
0001c3d1  SysCtlDelay                                           
0001c29d  SysCtl_disableNMISource                               
0001c2ad  SysCtl_enableNMISource                                
0001c34d  SysCtl_getNMISourceStatus                             
0001b7f9  SysCtl_getTLVInfo                                     
0001641d  SysTick_Handler                                       
0001641d  SysTick_Handler                                       
0001c221  SysTick_enableInterrupt                               
2000f42c  SystemCoreClock                                       
00018601  SystemCoreClockUpdate                                 
00018879  SystemInit                                            
2000ef90  SystemTime                                            
0001c301  T32_INT1_IRQHandler                                   
0001c301  T32_INT2_IRQHandler                                   
0001c301  T32_INTC_IRQHandler                                   
0001c301  TA0_0_IRQHandler                                      
0001c301  TA0_N_IRQHandler                                      
0001c301  TA1_0_IRQHandler                                      
0001c301  TA1_N_IRQHandler                                      
0001c301  TA2_0_IRQHandler                                      
0001c301  TA2_N_IRQHandler                                      
0001c301  TA3_0_IRQHandler                                      
0001c301  TA3_N_IRQHandler                                      
0001786b  TP_ReadXY                                             
0001c359  UART_enableModule                                     
0001aec5  UART_initModule                                       
0001c01d  UART_transmitData                                     
0001832d  UnMaskIntHdlr                                         
0001c301  UsageFault_Handler                                    
2000f418  V_bmm150_maual_auto_condition_u8                      
2000f41c  V_fifo_time_U32                                       
4000480c  WDTCTL_SYM                                            
0001c301  WDT_A_IRQHandler                                      
0001c155  WDT_A_clearTimer                                      
0001c16d  WDT_A_holdTimer                                       
0001cd36  _SlAcceptCmdCtrl                                      
0001cc24  _SlActionLookupTable                                  
0000e591  _SlAsyncEventGenericHandler                           
0001cd3a  _SlDeviceGetCmdCtrl                                   
0001cd3e  _SlDeviceSetCmdCtrl                                   
0000efa3  _SlDrvBasicCmd                                        
0000ec57  _SlDrvClassifyRxMsg                                   
0000d88f  _SlDrvCmdOp                                           
0000d93f  _SlDrvCmdSend                                         
0000d995  _SlDrvDataReadOp                                      
0000db99  _SlDrvDataWriteOp                                     
00017ecf  _SlDrvDeviceEventHandler                              
0000d7a9  _SlDrvDriverCBDeinit                                  
0000d6c5  _SlDrvDriverCBInit                                    
0001b233  _SlDrvFlowContDeinit                                  
0001b1f5  _SlDrvFlowContInit                                    
0000df5d  _SlDrvMsgRead                                         
0000ea75  _SlDrvMsgReadCmdCtx                                   
0000eb6f  _SlDrvMsgReadSpawnCtx                                 
0000dd69  _SlDrvMsgWrite                                        
00014c99  _SlDrvNetAppEventHandler                              
0000f497  _SlDrvObjDeInit                                       
0000f41b  _SlDrvObjInit                                         
0000f211  _SlDrvReleasePoolObj                                  
0000ed9d  _SlDrvRxHdrRead                                       
0000d84d  _SlDrvRxIrqHandler                                    
0000ed55  _SlDrvShiftDWord                                      
0000f009  _SlDrvWaitForPoolObj                                  
0001cd42  _SlEventMaskGetCmdCtrl                                
0001cd46  _SlEventMaskSetCmdCtrl                                
0000f579  _SlFindAndSetActiveObj                                
0001cd4a  _SlGetHostByNameCtrl                                  
0001cd4e  _SlGetHostByServiceCtrl                               
0001cd52  _SlGetServiceListeCtrl                                
0001cd56  _SlGetSockOptCmdCtrl                                  
0001cd5a  _SlListenCmdCtrl                                      
0001cd5e  _SlNetAppGetCmdCtrl                                   
0001cd62  _SlNetAppSendTokenValueCmdCtrl                        
0001cd66  _SlNetAppSetCmdCtrl                                   
0001cd6a  _SlNetAppStartCtrl                                    
0001cd6e  _SlNetAppStopCtrl                                     
0001cd72  _SlNetCfgGetCmdCtrl                                   
0001cd76  _SlNetCfgSetCmdCtrl                                   
0001a145  _SlNonOsMainLoopTask                                  
0001a099  _SlNonOsSemGet                                        
0001a081  _SlNonOsSemSet                                        
0001a0f5  _SlNonOsSpawn                                         
0001cd7a  _SlPolicyGetCmdCtrl                                   
0001cd7e  _SlPolicySetCmdCtrl                                   
0001cd82  _SlProfileDelCmdCtrl                                  
0001cd86  _SlProfileGetCmdCtrl                                  
0001cd8a  _SlRecvCmdCtrl                                        
0001cd8e  _SlRecvfomCmdCtrl                                     
0001cd92  _SlRegisterServiceCtrl                                
0000f4b7  _SlRemoveFromList                                     
0001cd96  _SlRxFilterAddtCmdCtrl                                
0001cd9a  _SlRxFilterGetCmdCtrl                                 
0001cd9e  _SlRxFilterSetCmdCtrl                                 
0001cda2  _SlSelectCmdCtrl                                      
0001cda6  _SlSendCmdCtrl                                        
0001cdaa  _SlSetSockOptCmdCtrl                                  
0001cdae  _SlSmartConfigStartCmdCtrl                            
0001cdb2  _SlSockCloseCmdCtrl                                   
0001cdb6  _SlSockSocketCmdCtrl                                  
0001cdba  _SlStopCmdCtrl                                        
0001cdbe  _SlWlanCfgGetCmdCtrl                                  
0001cdc2  _SlWlanCfgSetCmdCtrl                                  
0001cdc6  _SlWlanGetNetworkListCtrl                             
0001cdca  _SlWlanSetModeCmdCtrl                                 
20010000  __STACK_END                                           
00000200  __STACK_SIZE                                          
0001ce38  __TI_CINIT_Base                                       
0001ce48  __TI_CINIT_Limit                                      
0001ce20  __TI_Handler_Table_Base                               
0001ce2c  __TI_Handler_Table_Limit                              
0001ba9d  __TI_auto_init_nobinit_nopinit                        
0001b4b9  __TI_decompress_lzss                                  
0001c2e7  __TI_decompress_none                                  
ffffffff  __TI_pprof_out_hndl                                   
0001586d  __TI_printfi                                          
ffffffff  __TI_prof_data_size                                   
ffffffff  __TI_prof_data_start                                  
00000000  __TI_static_base__                                    
0001c365  __TI_zero_init                                        
0001afe1  __aeabi_cdcmpeq                                       
0001afe1  __aeabi_cdcmple                                       
0001b067  __aeabi_cdrcmple                                      
0001ba55  __aeabi_d2iz                                          
0001979b  __aeabi_dadd                                          
00019f49  __aeabi_ddiv                                          
0001a6f7  __aeabi_dmul                                          
00019791  __aeabi_dsub                                          
0001c3a5  __aeabi_errno_addr                                    
0001be21  __aeabi_i2d                                           
00019947  __aeabi_idiv0                                         
00019947  __aeabi_ldiv0                                         
0001b44b  __aeabi_ldivmod                                       
0001c1b5  __aeabi_lmul                                          
0001b2f1  __aeabi_memclr                                        
0001b2f1  __aeabi_memclr4                                       
0001b2f1  __aeabi_memclr8                                       
0001ad91  __aeabi_memcpy                                        
0001ad91  __aeabi_memcpy4                                       
0001ad91  __aeabi_memcpy8                                       
0001b2f3  __aeabi_memset                                        
0001b2f3  __aeabi_memset4                                       
0001b2f3  __aeabi_memset8                                       
0001ae2d  __aeabi_uldivmod                                      
ffffffff  __binit__                                             
ffffffff  __c_args__                                            
UNDEFED   __mpu_init                                            
2000fe00  __stack                                               
0001bcf9  _c_int00_noargs                                       
0001c9e0  _ctypes_                                              
2000f410  _lock                                                 
000162bb  _nop                                                  
0001276d  _sl_BuildAddress                                      
00017999  _sl_GetStartResponseConvert                           
00013181  _sl_HandleAsync_Accept                                
00012d7b  _sl_HandleAsync_Connect                               
000146b1  _sl_HandleAsync_DnsGetHostByAddr                      
00014805  _sl_HandleAsync_DnsGetHostByName                      
000145e1  _sl_HandleAsync_DnsGetHostByService                   
00017afd  _sl_HandleAsync_InitComplete                          
00014905  _sl_HandleAsync_PingResponse                          
000135a9  _sl_HandleAsync_Select                                
00017baf  _sl_HandleAsync_Stop                                  
00012885  _sl_ParseAddress                                      
000127bd  _sl_TruncatePayloadByProtocol                         
UNDEFED   _system_post_cinit                                    
0001c3e7  _system_pre_init                                      
2000f414  _unlock                                               
0001c3eb  abort                                                 
2000dd7c  accel_fifo                                            
2000ef5e  accelxyz                                              
0001b92d  atoi                                                  
ffffffff  binit                                                 
2000eecc  bme280                                                
0001129b  bme280_compensate_humidity_int32                      
00011351  bme280_compensate_humidity_int32_sixteen_bit_output   
00011115  bme280_compensate_pressure_int32                      
000124d9  bme280_compensate_pressure_int64                      
000126db  bme280_compensate_pressure_int64_twentyfour_bit_output
00011013  bme280_compensate_temperature_int32                   
0001108b  bme280_compensate_temperature_int32_sixteen_bit_output
000126f5  bme280_compute_wait_time                              
00018c2d  bme280_data_readout_template                          
0001146b  bme280_get_calib_param                                
00011f2b  bme280_get_filter                                     
0001228f  bme280_get_forced_uncomp_pressure_temperature_humidity
00011987  bme280_get_oversamp_humidity                          
000117cf  bme280_get_oversamp_pressure                          
0001160d  bme280_get_oversamp_temperature                       
00011b75  bme280_get_power_mode                                 
00011d7d  bme280_get_spi3                                       
000120df  bme280_get_standby_durn                               
00010f5d  bme280_init                                           
00018d19  bme280_initialize_sensor                              
0001140b  bme280_read_pressure_temperature_humidity             
00012493  bme280_read_register                                  
00011245  bme280_read_uncomp_humidity                           
000110b5  bme280_read_uncomp_pressure                           
00011379  bme280_read_uncomp_pressure_temperature_humidity      
00010fb3  bme280_read_uncomp_temperature                        
00011f7b  bme280_set_filter                                     
000119e1  bme280_set_oversamp_humidity                          
0001182b  bme280_set_oversamp_pressure                          
00011669  bme280_set_oversamp_temperature                       
00011bc3  bme280_set_power_mode                                 
00011d3d  bme280_set_soft_rst                                   
00011dcb  bme280_set_spi3                                       
0001212f  bme280_set_standby_durn                               
0001244d  bme280_write_register                                 
00007511  bmi160_accel_foc_trigger_xyz                          
0000ac11  bmi160_bmm150_mag_compensate_X                        
0000acbb  bmi160_bmm150_mag_compensate_Y                        
0000ad65  bmi160_bmm150_mag_compensate_Z                        
0000abb5  bmi160_bmm150_mag_compensate_xyz                      
0000ae05  bmi160_bmm150_mag_interface_init                      
0000b2a7  bmi160_bmm150_mag_set_power_mode                      
0000b0b1  bmi160_bmm150_mag_wakeup                              
0000c00d  bmi160_bst_akm_compensate_X                           
0000c03f  bmi160_bst_akm_compensate_Y                           
0000c071  bmi160_bst_akm_compensate_Z                           
0000c0a3  bmi160_bst_akm_compensate_xyz                         
0000bc05  bmi160_bst_akm_mag_interface_init                     
0000c0f1  bmi160_bst_akm_set_powermode                          
0000caa1  bmi160_bst_yamaha_yas532_calib_values                 
0000c47b  bmi160_bst_yamaha_yas532_mag_interface_init           
0000d4e1  bmi160_bst_yas532_acquisition_command_register        
0000c911  bmi160_bst_yas532_magnetic_measure_set_offset         
0000d069  bmi160_bst_yas532_measurement_xyz_data                
0000cef5  bmi160_bst_yas532_normal_measurement_data             
0000c7b1  bmi160_bst_yas532_set_initial_values                  
0000d5a5  bmi160_bst_yas532_set_offset                          
0000ce59  bmi160_bst_yas532_xy1y2_to_linear                     
000095c1  bmi160_clear_step_counter                             
0001367d  bmi160_config_running_mode                            
0001422d  bmi160_delay_ms                                       
00001805  bmi160_fifo_data                                      
000017a5  bmi160_fifo_length                                    
0000191d  bmi160_get_accel_bw                                   
00000e21  bmi160_get_accel_data_rdy                             
000021f7  bmi160_get_accel_fifo_filter_data                     
000086ab  bmi160_get_accel_offset_compensation_xaxis            
00008791  bmi160_get_accel_offset_compensation_yaxis            
0000887b  bmi160_get_accel_offset_compensation_zaxis            
00008edb  bmi160_get_accel_offset_enable                        
0000183f  bmi160_get_accel_output_data_rate                     
00000481  bmi160_get_accel_power_mode_stat                      
00001ad9  bmi160_get_accel_range                                
0000829d  bmi160_get_accel_selftest_amp                         
000080e7  bmi160_get_accel_selftest_axis                        
000081bf  bmi160_get_accel_selftest_sign                        
000019ff  bmi160_get_accel_under_sampling_parameter             
00000d85  bmi160_get_data_rdy_mag                               
000002b5  bmi160_get_drop_cmd_err                               
00000219  bmi160_get_err_code                                   
00000351  bmi160_get_error_status                               
000001cd  bmi160_get_fatal_err                                  
000028a5  bmi160_get_fifo_accel_enable                          
0000212f  bmi160_get_fifo_down_accel                            
00001f87  bmi160_get_fifo_down_gyro                             
00002985  bmi160_get_fifo_gyro_enable                           
000026f1  bmi160_get_fifo_header_enable                         
000027cb  bmi160_get_fifo_mag_enable                            
0000235f  bmi160_get_fifo_stop_on_full                          
000025ff  bmi160_get_fifo_tag_intr1_enable                      
00002511  bmi160_get_fifo_tag_intr2_enable                      
00002437  bmi160_get_fifo_time_enable                           
000022d1  bmi160_get_fifo_wm                                    
000070db  bmi160_get_foc_accel_x                                
00007001  bmi160_get_foc_accel_y                                
00006f3b  bmi160_get_foc_accel_z                                
0000775b  bmi160_get_foc_gyro_enable                            
00000ce5  bmi160_get_foc_rdy                                    
00001ce5  bmi160_get_gyro_bw                                    
00000dd3  bmi160_get_gyro_data_rdy                              
00002055  bmi160_get_gyro_fifo_filter_data                      
00008961  bmi160_get_gyro_offset_compensation_xaxis             
00008b31  bmi160_get_gyro_offset_compensation_yaxis             
00008d09  bmi160_get_gyro_offset_compensation_zaxis             
00008fab  bmi160_get_gyro_offset_enable                         
00001bc9  bmi160_get_gyro_output_data_rate                      
00000433  bmi160_get_gyro_power_mode_stat                       
00001dbf  bmi160_get_gyro_range                                 
00000c49  bmi160_get_gyro_selftest                              
00008377  bmi160_get_gyro_selftest_start                        
00007f33  bmi160_get_gyro_sleep_state                           
00007d7b  bmi160_get_gyro_sleep_trigger                         
0000800d  bmi160_get_gyro_wakeup_intr                           
00007e53  bmi160_get_gyro_wakeup_trigger                        
00002a5f  bmi160_get_i2c_device_addr                            
00000267  bmi160_get_i2c_fail_err                               
00007bc7  bmi160_get_i2c_wdt_enable                             
00007ae7  bmi160_get_i2c_wdt_select                             
00007ca1  bmi160_get_if_mode                                    
000041f3  bmi160_get_input_enable                               
000046ed  bmi160_get_intr_any_motion                            
00005dbf  bmi160_get_intr_any_motion_durn                       
00005f53  bmi160_get_intr_any_motion_thres                      
00005519  bmi160_get_intr_data_rdy                              
00004a31  bmi160_get_intr_double_tap                            
00003ae5  bmi160_get_intr_edge_ctrl                             
00002f23  bmi160_get_intr_enable_0                              
00003393  bmi160_get_intr_enable_1                              
000037fb  bmi160_get_intr_enable_2                              
000051fd  bmi160_get_intr_fifo_full                             
00005389  bmi160_get_intr_fifo_wm                               
00004ee1  bmi160_get_intr_flat                                  
00006d83  bmi160_get_intr_flat_hold                             
00006e63  bmi160_get_intr_flat_hyst                             
00006cab  bmi160_get_intr_flat_theta                            
00004561  bmi160_get_intr_high_g                                
00005cb3  bmi160_get_intr_high_g_durn                           
00005beb  bmi160_get_intr_high_g_hyst                           
00005d39  bmi160_get_intr_high_g_thres                          
00003c6d  bmi160_get_intr_level                                 
0000437f  bmi160_get_intr_low_g                                 
00005937  bmi160_get_intr_low_g_durn                            
00005a43  bmi160_get_intr_low_g_hyst                            
00005b11  bmi160_get_intr_low_g_mode                            
000059bd  bmi160_get_intr_low_g_thres                           
0000577f  bmi160_get_intr_low_high_source                       
0000585d  bmi160_get_intr_motion_source                         
000048a5  bmi160_get_intr_nomotion                              
00004d4f  bmi160_get_intr_orient                                
00006bd1  bmi160_get_intr_orient_axes_enable                    
00006879  bmi160_get_intr_orient_blocking                       
00006953  bmi160_get_intr_orient_hyst                           
0000679b  bmi160_get_intr_orient_mode                           
00006a1b  bmi160_get_intr_orient_theta                          
00006af3  bmi160_get_intr_orient_ud_enable                      
00003dff  bmi160_get_intr_output_type                           
0000506d  bmi160_get_intr_pmu_trig                              
000062f1  bmi160_get_intr_significant_motion_proof              
0000613d  bmi160_get_intr_significant_motion_select             
00006217  bmi160_get_intr_significant_motion_skip               
00004bc3  bmi160_get_intr_single_tap                            
00005e8b  bmi160_get_intr_slow_no_motion_durn                   
0000605f  bmi160_get_intr_slow_no_motion_select                 
00005fd9  bmi160_get_intr_slow_no_motion_thres                  
000063cb  bmi160_get_intr_tap_durn                              
000065fb  bmi160_get_intr_tap_quiet                             
00006521  bmi160_get_intr_tap_shock                             
000056a5  bmi160_get_intr_tap_source                            
000066d5  bmi160_get_intr_tap_thres                             
0000411b  bmi160_get_latch_intr                                 
00002b27  bmi160_get_mag_burst                                  
00000303  bmi160_get_mag_dada_rdy_err                           
00002cb9  bmi160_get_mag_manual_enable                          
00000c97  bmi160_get_mag_manual_operation_stat                  
00002bed  bmi160_get_mag_offset                                 
00001e97  bmi160_get_mag_output_data_rate                       
000003e1  bmi160_get_mag_power_mode_stat                        
00002d91  bmi160_get_mag_read_addr                              
00002e17  bmi160_get_mag_write_addr                             
00002e9d  bmi160_get_mag_write_data                             
000085e3  bmi160_get_nvm_counter                                
00007935  bmi160_get_nvm_prog_enable                            
00000d33  bmi160_get_nvm_rdy                                    
00003f8b  bmi160_get_output_enable                              
00009701  bmi160_get_paging_enable                              
0000d6ab  bmi160_get_ptr                                        
000097db  bmi160_get_pullup_configuration                       
00000bed  bmi160_get_sensor_time                                
00008517  bmi160_get_spare0_trim                                
00007a0f  bmi160_get_spi3                                       
00008451  bmi160_get_spi_enable                                 
00000f09  bmi160_get_stat0_any_motion_intr                      
00000fa5  bmi160_get_stat0_double_tap_intr                      
00001095  bmi160_get_stat0_flat_intr                            
00001041  bmi160_get_stat0_orient_intr                          
00000f57  bmi160_get_stat0_pmu_trigger_intr                     
00000ebb  bmi160_get_stat0_significant_intr                     
00000ff3  bmi160_get_stat0_single_tap_intr                      
00000e6f  bmi160_get_stat0_step_intr                            
0000117f  bmi160_get_stat1_data_rdy_intr                        
000011cd  bmi160_get_stat1_fifo_full_intr                       
0000121b  bmi160_get_stat1_fifo_wm_intr                         
000010e3  bmi160_get_stat1_high_g_intr                          
00001131  bmi160_get_stat1_low_g_intr                           
00001269  bmi160_get_stat1_nomotion_intr                        
000012b7  bmi160_get_stat2_any_motion_first_x                   
00001303  bmi160_get_stat2_any_motion_first_y                   
00001351  bmi160_get_stat2_any_motion_first_z                   
000013a5  bmi160_get_stat2_any_motion_sign                      
000013f3  bmi160_get_stat2_tap_first_x                          
00001441  bmi160_get_stat2_tap_first_y                          
0000148f  bmi160_get_stat2_tap_first_z                          
000014dd  bmi160_get_stat2_tap_sign                             
00001703  bmi160_get_stat3_flat                                 
0000152b  bmi160_get_stat3_high_g_first_x                       
00001577  bmi160_get_stat3_high_g_first_y                       
000015c5  bmi160_get_stat3_high_g_first_z                       
00001613  bmi160_get_stat3_high_g_sign                          
00001661  bmi160_get_stat3_orient_xy                            
000016b5  bmi160_get_stat3_orient_z                             
000090c7  bmi160_get_step_config                                
00009299  bmi160_get_step_counter_enable                        
00003a15  bmi160_get_step_detector_enable                       
00009627  bmi160_get_target_page                                
00001751  bmi160_get_temp                                       
00014193  bmi160_i2c_burst_read                                 
00014167  bmi160_i2c_bus_read                                   
000141c5  bmi160_i2c_bus_write                                  
000000e5  bmi160_init                                           
00013641  bmi160_initialize_sensor                              
000140b5  bmi160_interrupt_configuration                        
000093f1  bmi160_map_significant_motion_intr                    
000094d9  bmi160_map_step_detector_intr                         
00000a7d  bmi160_read_accel_x                                   
00000b79  bmi160_read_accel_xyz                                 
00000ad1  bmi160_read_accel_y                                   
00000b25  bmi160_read_accel_z                                   
0000b761  bmi160_read_bmm150_mag_trim                           
0000bf25  bmi160_read_bst_akm_sensitivity_data                  
000098b9  bmi160_read_fifo_header_data                          
0000a289  bmi160_read_fifo_headerless_mode                      
00000909  bmi160_read_gyro_x                                    
00000a05  bmi160_read_gyro_xyz                                  
0000095d  bmi160_read_gyro_y                                    
000009b1  bmi160_read_gyro_z                                    
000006d9  bmi160_read_mag_r                                     
000004cf  bmi160_read_mag_x                                     
00000743  bmi160_read_mag_xyz                                   
0000084d  bmi160_read_mag_xyzr                                  
0000057d  bmi160_read_mag_y                                     
0000062b  bmi160_read_mag_z                                     
00000189  bmi160_read_reg                                       
00009073  bmi160_read_step_count                                
0000196b  bmi160_set_accel_bw                                   
00002245  bmi160_set_accel_fifo_filter_data                     
000071b9  bmi160_set_accel_foc_trigger                          
000086f7  bmi160_set_accel_offset_compensation_xaxis            
000087dd  bmi160_set_accel_offset_compensation_yaxis            
000088c7  bmi160_set_accel_offset_compensation_zaxis            
00008f29  bmi160_set_accel_offset_enable                        
0000188b  bmi160_set_accel_output_data_rate                     
00001b25  bmi160_set_accel_range                                
000082eb  bmi160_set_accel_selftest_amp                         
00008133  bmi160_set_accel_selftest_axis                        
00008211  bmi160_set_accel_selftest_sign                        
00001a4d  bmi160_set_accel_under_sampling_parameter             
0000b181  bmi160_set_bmm150_mag_and_secondary_if_power_mode     
0000b405  bmi160_set_bmm150_mag_presetmode                      
0000c315  bmi160_set_bst_akm_and_secondary_if_powermode         
000095ed  bmi160_set_command_register                           
000028f3  bmi160_set_fifo_accel_enable                          
0000217d  bmi160_set_fifo_down_accel                            
[...]
00019979  LP3943_LedModeSet                                     
000199f1  init_RGBLEDS                                          
00019a57  write_I2C                                             
00019cc1  Joystick_Init_Without_Interrupt                       
00019d1f  Joystick_Push_Button_Init_With_Interrupt              
00019d75  Disable_Joystick_Interrupt                            
00019d8b  GetJoystickCoordinates                                
00019f49  __aeabi_ddiv                                          
0001a081  _SlNonOsSemSet                                        
0001a099  _SlNonOsSemGet                                        
0001a0f5  _SlNonOsSpawn                                         
0001a145  _SlNonOsMainLoopTask                                  
0001a2d5  sl_NetCfgSet                                          
0001a33b  sl_NetCfgGet                                          
0001a3e5  ldexp                                                 
0001a3e5  ldexpl                                                
0001a3e5  scalbn                                                
0001a3e5  scalbnl                                               
0001a4f5  CS_getDCOFrequency                                    
0001a5f9  sensorOpt3001Init                                     
0001a605  sensorOpt3001Enable                                   
0001a631  sensorOpt3001Read                                     
0001a695  sensorOpt3001Test                                     
0001a6f7  __aeabi_dmul                                          
0001a7f5  CS_initClockSignal                                    
0001ab15  PutChar                                               
0001abb9  G8RTOS_InitSemaphore                                  
0001abd3  G8RTOS_WaitSemaphore                                  
0001ac0d  G8RTOS_SignalSemaphore                                
0001ac59  CS_startHFXTWithTimeout                               
0001ad91  __aeabi_memcpy                                        
0001ad91  __aeabi_memcpy4                                       
0001ad91  __aeabi_memcpy8                                       
0001ad91  memcpy                                                
0001ae2d  __aeabi_uldivmod                                      
0001aec5  UART_initModule                                       
0001af59  SPI_initMaster                                        
0001afe1  __aeabi_cdcmpeq                                       
0001afe1  __aeabi_cdcmple                                       
0001b067  __aeabi_cdrcmple                                      
0001b0ed  ClockSys_SetMaxFreq                                   
0001b15b  ClockSys_GetSysFreq                                   
0001b171  main                                                  
0001b1f5  _SlDrvFlowContInit                                    
0001b233  _SlDrvFlowContDeinit                                  
0001b275  PCM_gotoLPM3                                          
0001b2f1  __aeabi_memclr                                        
0001b2f1  __aeabi_memclr4                                       
0001b2f1  __aeabi_memclr8                                       
0001b2f3  __aeabi_memset                                        
0001b2f3  __aeabi_memset4                                       
0001b2f3  __aeabi_memset8                                       
0001b2f9  memset                                                
0001b44b  __aeabi_ldivmod                                       
0001b4b9  __TI_decompress_lzss                                  
0001b521  Interrupt_disableInterrupt                            
0001b585  Interrupt_enableInterrupt                             
0001b5e9  frexp                                                 
0001b5e9  frexpl                                                
0001b64d  LCD_ReadDataPixels                                    
0001b703  ltoa                                                  
0001b7a9  PCM_shutdownDevice                                    
0001b7f9  SysCtl_getTLVInfo                                     
0001b84d  G8RTOS_Start                                          
0001b86d  PendSV_Handler                                        
0001b86d  PendSV_Handler                                        
0001b895  GPIO_setAsPeripheralModuleFunctionOutputPin           
0001b92d  atoi                                                  
0001b979  snprintf                                              
0001b9c5  GPIO_setAsPeripheralModuleFunctionInputPin            
0001ba55  __aeabi_d2iz                                          
0001ba9d  __TI_auto_init_nobinit_nopinit                        
0001bae1  GetASCIICode                                          
0001bb21  LCD_WriteData                                         
0001bb61  sprintf                                               
0001bba1  I2C_initMaster                                        
0001bc1d  LCD_Write_Data_Only                                   
0001bc59  I2C_masterSendMultiByteStart                          
0001bc91  BSP_InitBoard                                         
0001bcc5  LCD_WriteIndex                                        
0001bcf9  _c_int00_noargs                                       
0001bd2d  rand                                                  
0001bd61  GPIO_getEnabledInterruptStatus                        
0001bd91  I2C_masterSendMultiByteStop                           
0001be21  __aeabi_i2d                                           
0001be4f  PCM_getCoreVoltageLevel                               
0001be7b  PCM_getPowerMode                                      
0001bea5  FlashCtl_setWaitState                                 
0001becd  PCM_gotoLPM0                                          
0001bef5  SPISendRecvByte                                       
0001bf1d  DelayMs                                               
0001bf45  CS_clearInterruptFlag                                 
0001bf69  CS_setDCOCenteredFrequency                            
0001bf8d  GPIO_setAsOutputPin                                   
0001bfb1  I2C_masterSendMultiByteNext                           
0001bfd5  Interrupt_setPriority                                 
0001bff9  RTC_C_holdClock                                       
0001c01d  UART_transmitData                                     
0001c041  LCD_SetCursor                                         
0001c061  SPI_transmitData                                      
0001c081  EUSCI_B_SPI_isBusy                                    
0001c09d  LCD_WriteReg                                          
0001c0b9  memccpy                                               
0001c0d5  SPI_enableModule                                      
0001c0ef  SPI_receiveData                                       
0001c109  copysign                                              
0001c109  copysignl                                             
0001c125  CS_getMCLK                                            
0001c13d  CS_getSMCLK                                           
0001c155  WDT_A_clearTimer                                      
0001c16d  WDT_A_holdTimer                                       
0001c1b5  __aeabi_lmul                                          
0001c1cd  strchr                                                
0001c1e5  CS_setExternalClockSourceFrequency                    
0001c1f9  GPIO_setOutputHighOnPin                               
0001c20d  I2C_isBusBusy                                         
0001c221  SysTick_enableInterrupt                               
0001c235  strlen                                                
0001c249  wcslen                                                
0001c25d  GPIO_getInterruptStatus                               
0001c26d  I2C_masterReceiveStart                                
0001c27d  Interrupt_enableMaster                                
0001c28d  PCM_gotoLPM4                                          
0001c29d  SysCtl_disableNMISource                               
0001c2ad  SysCtl_enableNMISource                                
0001c2bd  StartCriticalSection                                  
0001c2c5  EndCriticalSection                                    
0001c2cb  I2C_clearInterruptFlag                                
0001c2d9  I2C_disableInterrupt                                  
0001c2e7  __TI_decompress_none                                  
0001c2f5  Reset_Handler                                         
0001c301  ADC14_IRQHandler                                      
0001c301  AES256_IRQHandler                                     
0001c301  BusFault_Handler                                      
0001c301  COMP_E0_IRQHandler                                    
0001c301  COMP_E1_IRQHandler                                    
0001c301  CS_IRQHandler                                         
0001c301  DMA_ERR_IRQHandler                                    
0001c301  DMA_INT0_IRQHandler                                   
0001c301  DMA_INT1_IRQHandler                                   
0001c301  DMA_INT2_IRQHandler                                   
0001c301  DMA_INT3_IRQHandler                                   
0001c301  DebugMon_Handler                                      
0001c301  Default_Handler                                       
0001c301  EUSCIA1_IRQHandler                                    
0001c301  EUSCIA2_IRQHandler                                    
0001c301  EUSCIA3_IRQHandler                                    
0001c301  EUSCIB0_IRQHandler                                    
0001c301  EUSCIB2_IRQHandler                                    
0001c301  EUSCIB3_IRQHandler                                    
0001c301  FLCTL_IRQHandler                                      
0001c301  FPU_IRQHandler                                        
0001c301  HardFault_Handler                                     
0001c301  MemManage_Handler                                     
0001c301  NMI_Handler                                           
0001c301  PCM_IRQHandler                                        
0001c301  PORT3_IRQHandler                                      
0001c301  PORT4_IRQHandler                                      
0001c301  PORT5_IRQHandler                                      
0001c301  PORT6_IRQHandler                                      
0001c301  PSS_IRQHandler                                        
0001c301  RTC_C_IRQHandler                                      
0001c301  SVC_Handler                                           
0001c301  T32_INT1_IRQHandler                                   
0001c301  T32_INT2_IRQHandler                                   
0001c301  T32_INTC_IRQHandler                                   
0001c301  TA0_0_IRQHandler                                      
0001c301  TA0_N_IRQHandler                                      
0001c301  TA1_0_IRQHandler                                      
0001c301  TA1_N_IRQHandler                                      
0001c301  TA2_0_IRQHandler                                      
0001c301  TA2_N_IRQHandler                                      
0001c301  TA3_0_IRQHandler                                      
0001c301  TA3_N_IRQHandler                                      
0001c301  UsageFault_Handler                                    
0001c301  WDT_A_IRQHandler                                      
0001c303  CPU_cpsie                                             
0001c30f  EUSCI_A_SPI_enable                                    
0001c31b  EUSCI_B_SPI_enable                                    
0001c327  I2C_disableModule                                     
0001c333  I2C_enableModule                                      
0001c341  PCM_getPowerState                                     
0001c34d  SysCtl_getNMISourceStatus                             
0001c359  UART_enableModule                                     
0001c365  __TI_zero_init                                        
0001c371  LCD_Write_Data_Start                                  
0001c385  I2C_enableInterrupt                                   
0001c38d  PCM_setCoreVoltageLevel                               
0001c395  PCM_setPowerMode                                      
0001c39d  PCM_setPowerState                                     
0001c3a5  __aeabi_errno_addr                                    
0001c3ad  CS_startHFXT                                          
0001c3b3  EUSCI_A_SPI_receiveData                               
0001c3b9  EUSCI_B_SPI_receiveData                               
0001c3bf  I2C_getEnabledInterruptStatus                         
0001c3c5  I2C_getInterruptStatus                                
0001c3cb  I2C_masterReceiveMultiByteNext                        
0001c3d1  SysCtlDelay                                           
0001c3d7  CPU_wfi                                               
0001c3db  EUSCI_A_SPI_transmitData                              
0001c3df  EUSCI_B_SPI_transmitData                              
0001c3e3  I2C_setSlaveAddress                                   
0001c3e7  _system_pre_init                                      
0001c3eb  C$$EXIT                                               
0001c3eb  abort                                                 
0001c9e0  _ctypes_                                              
0001cc24  _SlActionLookupTable                                  
0001ccac  spiMasterConfig                                       
0001ccf4  g_H2NCnysPattern                                      
0001ccfc  g_H2NSyncPattern                                      
0001cd36  _SlAcceptCmdCtrl                                      
0001cd3a  _SlDeviceGetCmdCtrl                                   
0001cd3e  _SlDeviceSetCmdCtrl                                   
0001cd42  _SlEventMaskGetCmdCtrl                                
0001cd46  _SlEventMaskSetCmdCtrl                                
0001cd4a  _SlGetHostByNameCtrl                                  
0001cd4e  _SlGetHostByServiceCtrl                               
0001cd52  _SlGetServiceListeCtrl                                
0001cd56  _SlGetSockOptCmdCtrl                                  
0001cd5a  _SlListenCmdCtrl                                      
0001cd5e  _SlNetAppGetCmdCtrl                                   
0001cd62  _SlNetAppSendTokenValueCmdCtrl                        
0001cd66  _SlNetAppSetCmdCtrl                                   
0001cd6a  _SlNetAppStartCtrl                                    
0001cd6e  _SlNetAppStopCtrl                                     
0001cd72  _SlNetCfgGetCmdCtrl                                   
0001cd76  _SlNetCfgSetCmdCtrl                                   
0001cd7a  _SlPolicyGetCmdCtrl                                   
0001cd7e  _SlPolicySetCmdCtrl                                   
0001cd82  _SlProfileDelCmdCtrl                                  
0001cd86  _SlProfileGetCmdCtrl                                  
0001cd8a  _SlRecvCmdCtrl                                        
0001cd8e  _SlRecvfomCmdCtrl                                     
0001cd92  _SlRegisterServiceCtrl                                
0001cd96  _SlRxFilterAddtCmdCtrl                                
0001cd9a  _SlRxFilterGetCmdCtrl                                 
0001cd9e  _SlRxFilterSetCmdCtrl                                 
0001cda2  _SlSelectCmdCtrl                                      
0001cda6  _SlSendCmdCtrl                                        
0001cdaa  _SlSetSockOptCmdCtrl                                  
0001cdae  _SlSmartConfigStartCmdCtrl                            
0001cdb2  _SlSockCloseCmdCtrl                                   
0001cdb6  _SlSockSocketCmdCtrl                                  
0001cdba  _SlStopCmdCtrl                                        
0001cdbe  _SlWlanCfgGetCmdCtrl                                  
0001cdc2  _SlWlanCfgSetCmdCtrl                                  
0001cdc6  _SlWlanGetNetworkListCtrl                             
0001cdca  _SlWlanSetModeCmdCtrl                                 
0001ce20  __TI_Handler_Table_Base                               
0001ce2c  __TI_Handler_Table_Limit                              
0001ce38  __TI_CINIT_Base                                       
0001ce48  __TI_CINIT_Limit                                      
2000dd7c  accel_fifo                                            
2000e0e8  gyro_fifo                                             
2000e454  mag_fifo                                              
2000ea48  g_StatMem                                             
2000ed1c  ClientToHost                                          
2000ed88  HostToClient                                          
2000edf4  packetClient                                          
2000ee60  packetHost                                            
2000eecc  bme280                                                
2000ef08  g__SlNonOsCB                                          
2000ef30  s_bmi160                                              
2000ef5e  accelxyz                                              
2000ef64  gyroxyz                                               
2000ef7c  ButtonFunction                                        
2000ef80  CC3100Semaphore                                       
2000ef84  CurrentlyRunningThread                                
2000ef88  I2CSemaphore                                          
2000ef8c  LCDSemaphore                                          
2000ef90  SystemTime                                            
2000ef94  g_ui32ByteCount                                       
2000efa0  pData                                                 
2000efa7  IntIsMasked                                           
2000efa8  ui8DummyRead                                          
2000efa9  ui8Status                                             
2000efac  v_fifo_data_u8                                        
2000f3dc  g_Status                                              
2000f3e0  retVal                                                
2000f3e4  receivedAlready                                       
2000f3e8  transmitedAlready                                     
2000f3ec  SockIDRx                                              
2000f3ee  SockIDTx                                              
2000f3f0  i2cConfig                                             
2000f404  g_pCB                                                 
2000f408  pPingCallBackFunc                                     
2000f40c  gFirstCmdMode                                         
2000f40d  buttonFlag                                            
2000f40e  burstMode                                             
2000f410  _lock                                                 
2000f414  _unlock                                               
2000f418  V_bmm150_maual_auto_condition_u8                      
2000f41c  V_fifo_time_U32                                       
2000f420  pIraEventHandler                                      
2000f424  errno                                                 
2000f42c  SystemCoreClock                                       
2000fe00  __stack                                               
20010000  __STACK_END                                           
4000480c  WDTCTL_SYM                                            
ffffffff  __TI_pprof_out_hndl                                   
ffffffff  __TI_prof_data_size                                   
ffffffff  __TI_prof_data_start                                  
ffffffff  __binit__                                             
ffffffff  __c_args__                                            
ffffffff  binit                                                 
UNDEFED   __mpu_init                                            
UNDEFED   _system_post_cinit                                    

[895 symbols]
